<?xml version="1.0" encoding="UTF-8"?>
<beans xmlns="http://www.springframework.org/schema/beans"
	xmlns:xsi="http://www.w3.org/2001/XMLSchema-instance" xmlns:context="http://www.springframework.org/schema/context"
	xmlns:tx="http://www.springframework.org/schema/tx" xmlns:mvc="http://www.springframework.org/schema/mvc"
	xsi:schemaLocation="http://www.springframework.org/schema/beans 
       http://www.springframework.org/schema/beans/spring-beans.xsd 
       http://www.springframework.org/schema/context 
       http://www.springframework.org/schema/context/spring-context.xsd 
       http://www.springframework.org/schema/tx 
       http://www.springframework.org/schema/tx/spring-tx.xsd
          http://www.springframework.org/schema/mvc
       http://www.springframework.org/schema/mvc/spring-mvc.xsd">

	<context:component-scan base-package="com.share.golden.action" />

	<!-- 注册HandlerMapper、HandlerAdapter两个映射类 -->
	<mvc:annotation-driven />

	<!-- 访问静态资源 -->
	<mvc:default-servlet-handler />

	<!-- 视图解析器 -->
	<bean
		class="org.springframework.web.servlet.view.InternalResourceViewResolver">
		<property name="prefix" value="/WEB-INF/jsp/" />
		<property name="suffix" value=".jsp" />
	</bean>

	<bean id="jacksonMessageConverter"
		class="org.springframework.http.converter.json.MappingJackson2HttpMessageConverter">
		<property name="supportedMediaTypes">
			<list>
				<value>text/html;charset=UTF-8</value>
			</list>
		</property>
	</bean>
	<bean id="conversionService"
		class="org.springframework.format.support.FormattingConversionServiceFactoryBean">
		<property name="converters">
			<list>
				<bean class="com.share.golden.framework.date.DateConverter" />
			</list>
		</property>
	</bean>
	<mvc:annotation-driven conversion-service="conversionService" />
	<!-- 	设置拦截器 -->
	<mvc:interceptors>
		<mvc:interceptor>
			<mvc:mapping path="/**/"/>
			<bean class="com.share.golden.framework.interceptor.AuthenHandlerIntercetor"></bean>
		</mvc:interceptor>
		<mvc:interceptor>
			<mvc:mapping path="/**/"/>
			<bean class="com.share.golden.framework.interceptor.AuthenHandlerIntercetor2"></bean>
		</mvc:interceptor>
	</mvc:interceptors>
</beans>