<?xml version="1.0" encoding="UTF-8"?>
<beans xmlns="http://www.springframework.org/schema/beans"
	xmlns:xsi="http://www.w3.org/2001/XMLSchema-instance" xmlns:context="http://www.springframework.org/schema/context"
	xmlns:tx="http://www.springframework.org/schema/tx" xmlns:aop="http://www.springframework.org/schema/aop"
	xsi:schemaLocation="http://www.springframework.org/schema/beans
        http://www.springframework.org/schema/beans/spring-beans.xsd
        http://www.springframework.org/schema/aop http://www.springframework.org/schema/aop/spring-aop-4.3.xsd  
        http://www.springframework.org/schema/beans http://www.springframework.org/schema/beans/spring-beans.xsd  
        http://www.springframework.org/schema/tx http://www.springframework.org/schema/tx/spring-tx-4.3.xsd  
        http://www.springframework.org/schema/context http://www.springframework.org/schema/context/spring-context-4.3.xsd
        ">
	
	<!-- 导入资源文件 -->
	<context:property-placeholder location="classpath:conf/jdbc.properties" />
	
	<!-- 配置数据源 -->
	<bean id="dataSource" class="com.mchange.v2.c3p0.ComboPooledDataSource">
		<property name="user" value="${jdbc.user}"></property>
		<property name="password" value="${jdbc.password}"></property>
		<property name="driverClass" value="${jdbc.driverClass}"></property>
		<property name="jdbcUrl" value="${jdbc.jdbcUrl}"></property>

		<!-- 连接池的连接数的初始值 -->
		<property name="initialPoolSize" value="${jdbc.initPoolSize}"></property>
		<!-- 连接池的连接数的最大值 -->
		<property name="maxPoolSize" value="${jdbc.maxPoolSize}"></property>
	</bean>
	
	<!-- 配置Hibernate的SessionFactory，通过spring提供的 LocalSessionFactoryBean配置 -->
	<bean id="sqlSessionFactory"
		class="org.mybatis.spring.SqlSessionFactoryBean">
		<!-- 配置依赖的数据源属性 -->
		<property name="dataSource" ref="dataSource"></property>
		<!-- 加载mybatis配置 -->
		<property name="configLocation" value="classpath:conf/mybatis-config.xml"></property>
		<!-- 加载mapper的xml文件 -->
		<property name="mapperLocations" value="classpath:com.share.golden.dao.auto.*.xml" />
	</bean>
	
	
	<!-- DAO接口所在包名，Spring会自动查找其下的类 ,包下的类需要使用@MapperScan注解,否则容器注入会失败 -->
    <bean class="org.mybatis.spring.mapper.MapperScannerConfigurer">
        <property name="basePackage" value="com.share.golden.dao" />
        <property name="sqlSessionFactoryBeanName" value="sqlSessionFactory" />
    </bean>
    
    <!-- 开启事务注解驱动 -->
    <tx:annotation-driven />

	<!-- 事务管理器 -->
	<bean id="transactionManager" class="org.springframework.jdbc.datasource.DataSourceTransactionManager">
        <property name="dataSource" ref="dataSource" />
    </bean>
</beans>