<!DOCTYPE html>
<html>

	<head>
		<meta charset="utf-8" />
		<title></title>

		<link rel="stylesheet" type="text/css" href="../css/themes/default/easyui.css">

		<script type="text/javascript" src="../js/framework/jquery.min.js"></script>
		<script type="text/javascript" src="../js/framework/jquery.easyui.min.js"></script>
		<script type="text/javascript" src="../js/framework/easyui-lang-zh_CN.js"></script>

		<style type="text/css">
			.menu.main {
				width: 100%;
				margin-left: -8px;
				border-style: none;
				/*  padding: 0px; */
			}
			
			.menu.main li {
				padding-left: 16px;
				list-style: none;
				width: 100%;
				height: 40px;
				line-height: 40px;
				border-bottom: 1px solid #e1e1e8;
			}
		</style>

		<script>
			//		 $(window).resize(function () {  
			//       $('#tabs').tabs({  
			//           width: $("#tabs").parent().width(),  
			//           height: "auto"  
			//       });  
			//   })  

			var index = 0;

			function addTab(obj) {
				index++;
				$('#tabs').tabs('add', {
					title: obj.attr('tab-title'),
					//content:'<div style="height:1000px">a</div>',
					content: '<iframe name="indextab" scrolling="auto" src="' + obj.attr('href') + '" frameborder="0" style="width:100%;height:99%;"></iframe>',
					closable: true
				});
			}

			function removePanel() {
				var tab = $('#tabs').tabs('getSelected');
				if(tab) {
					var index = $('#tabs').tabs('getTabIndex', tab);
					$('#tabs').tabs('close', index);
				}
			}

			$(function() {
				$('.menu li').click(function() {
					addTab($(this));
				});
			});
		</script>
	</head>

	<body class="easyui-layout">
		<div data-options="region:'north',border:false" style="height:60px;background:#B3DFDA;padding:10px">north region</div>
		<div data-options="region:'west',split:true,title:'West'" style="width:150px;">
			<div class="easyui-accordion" data-options="fit:true,border:false">
				<div title="系统管理" data-options="selected:true" style="padding:0px;">
					<ul class="menu main">
						<li tab-title='员工管理' href='grid.html'>员工管理</li>
						<li tab-title='组织管理' href='grid.html'>组织管理</li>
						<li tab-title='模块管理' href='grid.html'>模块管理</li>
						<li tab-title='菜单管理' href='grid.html'>菜单管理</li>
					</ul>
				</div>
				<div title="基础数据" style="padding:0px;">

					<ul class="menu main">
						<li tab-title='品牌管理' href='grid.html'>品牌管理</li>
						<li tab-title='商品大类管理' href='grid.html'>商品大类管理</li>
						<li tab-title='商品小类管理' href='grid.html'>商品小类管理</li>
					</ul>                 

				</div>
				<div title="销售管理" style="padding:10px">
					<ul class="menu main">
						<li tab-title='订单管理' href='grid.html'>订单管理</li>
						<li tab-title='评价管理' href='grid.html'>评价管理</li>
					
					</ul>  
				</div>
			</div>

		</div>
		<!--<div data-options="region:'east',split:true,collapsed:true,title:'East'" style="width:100px;padding:10px;">east region</div>-->
		<!--<div data-options="region:'south',border:false" style="height:50px;background:#A9FACD;padding:10px;">south region</div>-->
		<div data-options="region:'center'">

			<div id="tabs" class="easyui-tabs" fit="true" border="false">
				<div title="欢迎使用" style="padding: 20px; overflow: hidden;" id="home">
					<h1>Welcome to jQuery UI!</h1>
				</div>
			</div>
		</div>
	</body>

</html>