<?xml version="1.0" encoding="UTF-8"?>
<!DOCTYPE mapper PUBLIC "-//mybatis.org//DTD Mapper 3.0//EN" "http://mybatis.org/dtd/mybatis-3-mapper.dtd">
<mapper namespace="com.share.golden.dao.auto.BasTenderInformationMapper">
  <resultMap id="BaseResultMap" type="com.share.golden.entity.BasTenderInformation">
    <id column="TENDER_ID" jdbcType="VARCHAR" property="tenderId" />
    <result column="USER_ID" jdbcType="VARCHAR" property="userId" />
    <result column="MARKCOUNT" jdbcType="VARCHAR" property="markcount" />
    <result column="LMCOUNT" jdbcType="VARCHAR" property="lmcount" />
    <result column="GMCOUNT" jdbcType="VARCHAR" property="gmcount" />
    <result column="MARKMONEY" jdbcType="DECIMAL" property="markmoney" />
    <result column="MARKGAIN" jdbcType="DECIMAL" property="markgain" />
    <result column="MARKBEGINDATE" jdbcType="TIMESTAMP" property="markbegindate" />
    <result column="MARKENDDATE" jdbcType="TIMESTAMP" property="markenddate" />
    <result column="DATE" jdbcType="TIMESTAMP" property="date" />
  </resultMap>
  <sql id="Example_Where_Clause">
    <where>
      <foreach collection="oredCriteria" item="criteria" separator="or">
        <if test="criteria.valid">
          <trim prefix="(" prefixOverrides="and" suffix=")">
            <foreach collection="criteria.criteria" item="criterion">
              <choose>
                <when test="criterion.noValue">
                  and ${criterion.condition}
                </when>
                <when test="criterion.singleValue">
                  and ${criterion.condition} #{criterion.value}
                </when>
                <when test="criterion.betweenValue">
                  and ${criterion.condition} #{criterion.value} and #{criterion.secondValue}
                </when>
                <when test="criterion.listValue">
                  and ${criterion.condition}
                  <foreach close=")" collection="criterion.value" item="listItem" open="(" separator=",">
                    #{listItem}
                  </foreach>
                </when>
              </choose>
            </foreach>
          </trim>
        </if>
      </foreach>
    </where>
  </sql>
  <sql id="Update_By_Example_Where_Clause">
    <where>
      <foreach collection="example.oredCriteria" item="criteria" separator="or">
        <if test="criteria.valid">
          <trim prefix="(" prefixOverrides="and" suffix=")">
            <foreach collection="criteria.criteria" item="criterion">
              <choose>
                <when test="criterion.noValue">
                  and ${criterion.condition}
                </when>
                <when test="criterion.singleValue">
                  and ${criterion.condition} #{criterion.value}
                </when>
                <when test="criterion.betweenValue">
                  and ${criterion.condition} #{criterion.value} and #{criterion.secondValue}
                </when>
                <when test="criterion.listValue">
                  and ${criterion.condition}
                  <foreach close=")" collection="criterion.value" item="listItem" open="(" separator=",">
                    #{listItem}
                  </foreach>
                </when>
              </choose>
            </foreach>
          </trim>
        </if>
      </foreach>
    </where>
  </sql>
  <sql id="Base_Column_List">
    "TENDER_ID", "USER_ID", "MARKCOUNT", "LMCOUNT", "GMCOUNT", "MARKMONEY", "MARKGAIN", 
    "MARKBEGINDATE", "MARKENDDATE", "DATE"
  </sql>
  <select id="selectByExample" parameterType="com.share.golden.entity.BasTenderInformationExample" resultMap="BaseResultMap">
    select
    <if test="distinct">
      distinct
    </if>
    <include refid="Base_Column_List" />
    from BAS_TENDER_INFORMATION
    <if test="_parameter != null">
      <include refid="Example_Where_Clause" />
    </if>
    <if test="orderByClause != null">
      order by ${orderByClause}
    </if>
  </select>
  <select id="selectByPrimaryKey" parameterType="java.lang.String" resultMap="BaseResultMap">
    select 
    <include refid="Base_Column_List" />
    from BAS_TENDER_INFORMATION
    where "TENDER_ID" = #{tenderId,jdbcType=VARCHAR}
  </select>
  <delete id="deleteByPrimaryKey" parameterType="java.lang.String">
    delete from BAS_TENDER_INFORMATION
    where "TENDER_ID" = #{tenderId,jdbcType=VARCHAR}
  </delete>
  <delete id="deleteByExample" parameterType="com.share.golden.entity.BasTenderInformationExample">
    delete from BAS_TENDER_INFORMATION
    <if test="_parameter != null">
      <include refid="Example_Where_Clause" />
    </if>
  </delete>
  <insert id="insert" parameterType="com.share.golden.entity.BasTenderInformation">
    insert into BAS_TENDER_INFORMATION ("TENDER_ID", "USER_ID", "MARKCOUNT", 
      "LMCOUNT", "GMCOUNT", "MARKMONEY", 
      "MARKGAIN", "MARKBEGINDATE", "MARKENDDATE", 
      "DATE")
    values (#{tenderId,jdbcType=VARCHAR}, #{userId,jdbcType=VARCHAR}, #{markcount,jdbcType=VARCHAR}, 
      #{lmcount,jdbcType=VARCHAR}, #{gmcount,jdbcType=VARCHAR}, #{markmoney,jdbcType=DECIMAL}, 
      #{markgain,jdbcType=DECIMAL}, #{markbegindate,jdbcType=TIMESTAMP}, #{markenddate,jdbcType=TIMESTAMP}, 
      #{date,jdbcType=TIMESTAMP})
  </insert>
  <insert id="insertSelective" parameterType="com.share.golden.entity.BasTenderInformation">
    insert into BAS_TENDER_INFORMATION
    <trim prefix="(" suffix=")" suffixOverrides=",">
      <if test="tenderId != null">
        "TENDER_ID",
      </if>
      <if test="userId != null">
        "USER_ID",
      </if>
      <if test="markcount != null">
        "MARKCOUNT",
      </if>
      <if test="lmcount != null">
        "LMCOUNT",
      </if>
      <if test="gmcount != null">
        "GMCOUNT",
      </if>
      <if test="markmoney != null">
        "MARKMONEY",
      </if>
      <if test="markgain != null">
        "MARKGAIN",
      </if>
      <if test="markbegindate != null">
        "MARKBEGINDATE",
      </if>
      <if test="markenddate != null">
        "MARKENDDATE",
      </if>
      <if test="date != null">
        "DATE",
      </if>
    </trim>
    <trim prefix="values (" suffix=")" suffixOverrides=",">
      <if test="tenderId != null">
        #{tenderId,jdbcType=VARCHAR},
      </if>
      <if test="userId != null">
        #{userId,jdbcType=VARCHAR},
      </if>
      <if test="markcount != null">
        #{markcount,jdbcType=VARCHAR},
      </if>
      <if test="lmcount != null">
        #{lmcount,jdbcType=VARCHAR},
      </if>
      <if test="gmcount != null">
        #{gmcount,jdbcType=VARCHAR},
      </if>
      <if test="markmoney != null">
        #{markmoney,jdbcType=DECIMAL},
      </if>
      <if test="markgain != null">
        #{markgain,jdbcType=DECIMAL},
      </if>
      <if test="markbegindate != null">
        #{markbegindate,jdbcType=TIMESTAMP},
      </if>
      <if test="markenddate != null">
        #{markenddate,jdbcType=TIMESTAMP},
      </if>
      <if test="date != null">
        #{date,jdbcType=TIMESTAMP},
      </if>
    </trim>
  </insert>
  <select id="countByExample" parameterType="com.share.golden.entity.BasTenderInformationExample" resultType="java.lang.Long">
    select count(*) from BAS_TENDER_INFORMATION
    <if test="_parameter != null">
      <include refid="Example_Where_Clause" />
    </if>
  </select>
  <update id="updateByExampleSelective" parameterType="map">
    update BAS_TENDER_INFORMATION
    <set>
      <if test="record.tenderId != null">
        "TENDER_ID" = #{record.tenderId,jdbcType=VARCHAR},
      </if>
      <if test="record.userId != null">
        "USER_ID" = #{record.userId,jdbcType=VARCHAR},
      </if>
      <if test="record.markcount != null">
        "MARKCOUNT" = #{record.markcount,jdbcType=VARCHAR},
      </if>
      <if test="record.lmcount != null">
        "LMCOUNT" = #{record.lmcount,jdbcType=VARCHAR},
      </if>
      <if test="record.gmcount != null">
        "GMCOUNT" = #{record.gmcount,jdbcType=VARCHAR},
      </if>
      <if test="record.markmoney != null">
        "MARKMONEY" = #{record.markmoney,jdbcType=DECIMAL},
      </if>
      <if test="record.markgain != null">
        "MARKGAIN" = #{record.markgain,jdbcType=DECIMAL},
      </if>
      <if test="record.markbegindate != null">
        "MARKBEGINDATE" = #{record.markbegindate,jdbcType=TIMESTAMP},
      </if>
      <if test="record.markenddate != null">
        "MARKENDDATE" = #{record.markenddate,jdbcType=TIMESTAMP},
      </if>
      <if test="record.date != null">
        "DATE" = #{record.date,jdbcType=TIMESTAMP},
      </if>
    </set>
    <if test="_parameter != null">
      <include refid="Update_By_Example_Where_Clause" />
    </if>
  </update>
  <update id="updateByExample" parameterType="map">
    update BAS_TENDER_INFORMATION
    set "TENDER_ID" = #{record.tenderId,jdbcType=VARCHAR},
      "USER_ID" = #{record.userId,jdbcType=VARCHAR},
      "MARKCOUNT" = #{record.markcount,jdbcType=VARCHAR},
      "LMCOUNT" = #{record.lmcount,jdbcType=VARCHAR},
      "GMCOUNT" = #{record.gmcount,jdbcType=VARCHAR},
      "MARKMONEY" = #{record.markmoney,jdbcType=DECIMAL},
      "MARKGAIN" = #{record.markgain,jdbcType=DECIMAL},
      "MARKBEGINDATE" = #{record.markbegindate,jdbcType=TIMESTAMP},
      "MARKENDDATE" = #{record.markenddate,jdbcType=TIMESTAMP},
      "DATE" = #{record.date,jdbcType=TIMESTAMP}
    <if test="_parameter != null">
      <include refid="Update_By_Example_Where_Clause" />
    </if>
  </update>
  <update id="updateByPrimaryKeySelective" parameterType="com.share.golden.entity.BasTenderInformation">
    update BAS_TENDER_INFORMATION
    <set>
      <if test="userId != null">
        "USER_ID" = #{userId,jdbcType=VARCHAR},
      </if>
      <if test="markcount != null">
        "MARKCOUNT" = #{markcount,jdbcType=VARCHAR},
      </if>
      <if test="lmcount != null">
        "LMCOUNT" = #{lmcount,jdbcType=VARCHAR},
      </if>
      <if test="gmcount != null">
        "GMCOUNT" = #{gmcount,jdbcType=VARCHAR},
      </if>
      <if test="markmoney != null">
        "MARKMONEY" = #{markmoney,jdbcType=DECIMAL},
      </if>
      <if test="markgain != null">
        "MARKGAIN" = #{markgain,jdbcType=DECIMAL},
      </if>
      <if test="markbegindate != null">
        "MARKBEGINDATE" = #{markbegindate,jdbcType=TIMESTAMP},
      </if>
      <if test="markenddate != null">
        "MARKENDDATE" = #{markenddate,jdbcType=TIMESTAMP},
      </if>
      <if test="date != null">
        "DATE" = #{date,jdbcType=TIMESTAMP},
      </if>
    </set>
    where "TENDER_ID" = #{tenderId,jdbcType=VARCHAR}
  </update>
  <update id="updateByPrimaryKey" parameterType="com.share.golden.entity.BasTenderInformation">
    update BAS_TENDER_INFORMATION
    set "USER_ID" = #{userId,jdbcType=VARCHAR},
      "MARKCOUNT" = #{markcount,jdbcType=VARCHAR},
      "LMCOUNT" = #{lmcount,jdbcType=VARCHAR},
      "GMCOUNT" = #{gmcount,jdbcType=VARCHAR},
      "MARKMONEY" = #{markmoney,jdbcType=DECIMAL},
      "MARKGAIN" = #{markgain,jdbcType=DECIMAL},
      "MARKBEGINDATE" = #{markbegindate,jdbcType=TIMESTAMP},
      "MARKENDDATE" = #{markenddate,jdbcType=TIMESTAMP},
      "DATE" = #{date,jdbcType=TIMESTAMP}
    where "TENDER_ID" = #{tenderId,jdbcType=VARCHAR}
  </update>
</mapper>