<?xml version="1.0" encoding="UTF-8"?>
<!DOCTYPE mapper PUBLIC "-//mybatis.org//DTD Mapper 3.0//EN" "http://mybatis.org/dtd/mybatis-3-mapper.dtd">
<mapper namespace="com.share.golden.dao.auto.SysDepartmentMapper">
  <resultMap id="BaseResultMap" type="com.share.golden.entity.SysDepartment">
    <id column="DEPARTMENT_ID" jdbcType="VARCHAR" property="departmentId" />
    <result column="PARENT_DEPARTMENT_ID" jdbcType="VARCHAR" property="parentDepartmentId" />
    <result column="DEPARTMENT_NAME" jdbcType="VARCHAR" property="departmentName" />
    <result column="DEPARTMENT_TIME" jdbcType="TIMESTAMP" property="departmentTime" />
    <result column="DEPARTMENT_STATUS" jdbcType="VARCHAR" property="departmentStatus" />
    <result column="DEPARTMENT_ESCRIBES" jdbcType="VARCHAR" property="departmentEscribes" />
  </resultMap>
  <sql id="Example_Where_Clause">
    <where>
      <foreach collection="oredCriteria" item="criteria" separator="or">
        <if test="criteria.valid">
          <trim prefix="(" prefixOverrides="and" suffix=")">
            <foreach collection="criteria.criteria" item="criterion">
              <choose>
                <when test="criterion.noValue">
                  and ${criterion.condition}
                </when>
                <when test="criterion.singleValue">
                  and ${criterion.condition} #{criterion.value}
                </when>
                <when test="criterion.betweenValue">
                  and ${criterion.condition} #{criterion.value} and #{criterion.secondValue}
                </when>
                <when test="criterion.listValue">
                  and ${criterion.condition}
                  <foreach close=")" collection="criterion.value" item="listItem" open="(" separator=",">
                    #{listItem}
                  </foreach>
                </when>
              </choose>
            </foreach>
          </trim>
        </if>
      </foreach>
    </where>
  </sql>
  <sql id="Update_By_Example_Where_Clause">
    <where>
      <foreach collection="example.oredCriteria" item="criteria" separator="or">
        <if test="criteria.valid">
          <trim prefix="(" prefixOverrides="and" suffix=")">
            <foreach collection="criteria.criteria" item="criterion">
              <choose>
                <when test="criterion.noValue">
                  and ${criterion.condition}
                </when>
                <when test="criterion.singleValue">
                  and ${criterion.condition} #{criterion.value}
                </when>
                <when test="criterion.betweenValue">
                  and ${criterion.condition} #{criterion.value} and #{criterion.secondValue}
                </when>
                <when test="criterion.listValue">
                  and ${criterion.condition}
                  <foreach close=")" collection="criterion.value" item="listItem" open="(" separator=",">
                    #{listItem}
                  </foreach>
                </when>
              </choose>
            </foreach>
          </trim>
        </if>
      </foreach>
    </where>
  </sql>
  <sql id="Base_Column_List">
    "DEPARTMENT_ID", "PARENT_DEPARTMENT_ID", "DEPARTMENT_NAME", "DEPARTMENT_TIME", "DEPARTMENT_STATUS", 
    "DEPARTMENT_ESCRIBES"
  </sql>
  <select id="selectByExample" parameterType="com.share.golden.entity.SysDepartmentExample" resultMap="BaseResultMap">
    select
    <if test="distinct">
      distinct
    </if>
    <include refid="Base_Column_List" />
    from SYS_DEPARTMENT
    <if test="_parameter != null">
      <include refid="Example_Where_Clause" />
    </if>
    <if test="orderByClause != null">
      order by ${orderByClause}
    </if>
  </select>
  <select id="selectByPrimaryKey" parameterType="java.lang.String" resultMap="BaseResultMap">
    select 
    <include refid="Base_Column_List" />
    from SYS_DEPARTMENT
    where "DEPARTMENT_ID" = #{departmentId,jdbcType=VARCHAR}
  </select>
  <delete id="deleteByPrimaryKey" parameterType="java.lang.String">
    delete from SYS_DEPARTMENT
    where "DEPARTMENT_ID" = #{departmentId,jdbcType=VARCHAR}
  </delete>
  <delete id="deleteByExample" parameterType="com.share.golden.entity.SysDepartmentExample">
    delete from SYS_DEPARTMENT
    <if test="_parameter != null">
      <include refid="Example_Where_Clause" />
    </if>
  </delete>
  <insert id="insert" parameterType="com.share.golden.entity.SysDepartment">
    insert into SYS_DEPARTMENT ("DEPARTMENT_ID", "PARENT_DEPARTMENT_ID", 
      "DEPARTMENT_NAME", "DEPARTMENT_TIME", "DEPARTMENT_STATUS", 
      "DEPARTMENT_ESCRIBES")
    values (#{departmentId,jdbcType=VARCHAR}, #{parentDepartmentId,jdbcType=VARCHAR}, 
      #{departmentName,jdbcType=VARCHAR}, #{departmentTime,jdbcType=TIMESTAMP}, #{departmentStatus,jdbcType=VARCHAR}, 
      #{departmentEscribes,jdbcType=VARCHAR})
  </insert>
  <insert id="insertSelective" parameterType="com.share.golden.entity.SysDepartment">
    insert into SYS_DEPARTMENT
    <trim prefix="(" suffix=")" suffixOverrides=",">
      <if test="departmentId != null">
        "DEPARTMENT_ID",
      </if>
      <if test="parentDepartmentId != null">
        "PARENT_DEPARTMENT_ID",
      </if>
      <if test="departmentName != null">
        "DEPARTMENT_NAME",
      </if>
      <if test="departmentTime != null">
        "DEPARTMENT_TIME",
      </if>
      <if test="departmentStatus != null">
        "DEPARTMENT_STATUS",
      </if>
      <if test="departmentEscribes != null">
        "DEPARTMENT_ESCRIBES",
      </if>
    </trim>
    <trim prefix="values (" suffix=")" suffixOverrides=",">
      <if test="departmentId != null">
        #{departmentId,jdbcType=VARCHAR},
      </if>
      <if test="parentDepartmentId != null">
        #{parentDepartmentId,jdbcType=VARCHAR},
      </if>
      <if test="departmentName != null">
        #{departmentName,jdbcType=VARCHAR},
      </if>
      <if test="departmentTime != null">
        #{departmentTime,jdbcType=TIMESTAMP},
      </if>
      <if test="departmentStatus != null">
        #{departmentStatus,jdbcType=VARCHAR},
      </if>
      <if test="departmentEscribes != null">
        #{departmentEscribes,jdbcType=VARCHAR},
      </if>
    </trim>
  </insert>
  <select id="countByExample" parameterType="com.share.golden.entity.SysDepartmentExample" resultType="java.lang.Long">
    select count(*) from SYS_DEPARTMENT
    <if test="_parameter != null">
      <include refid="Example_Where_Clause" />
    </if>
  </select>
  <update id="updateByExampleSelective" parameterType="map">
    update SYS_DEPARTMENT
    <set>
      <if test="record.departmentId != null">
        "DEPARTMENT_ID" = #{record.departmentId,jdbcType=VARCHAR},
      </if>
      <if test="record.parentDepartmentId != null">
        "PARENT_DEPARTMENT_ID" = #{record.parentDepartmentId,jdbcType=VARCHAR},
      </if>
      <if test="record.departmentName != null">
        "DEPARTMENT_NAME" = #{record.departmentName,jdbcType=VARCHAR},
      </if>
      <if test="record.departmentTime != null">
        "DEPARTMENT_TIME" = #{record.departmentTime,jdbcType=TIMESTAMP},
      </if>
      <if test="record.departmentStatus != null">
        "DEPARTMENT_STATUS" = #{record.departmentStatus,jdbcType=VARCHAR},
      </if>
      <if test="record.departmentEscribes != null">
        "DEPARTMENT_ESCRIBES" = #{record.departmentEscribes,jdbcType=VARCHAR},
      </if>
    </set>
    <if test="_parameter != null">
      <include refid="Update_By_Example_Where_Clause" />
    </if>
  </update>
  <update id="updateByExample" parameterType="map">
    update SYS_DEPARTMENT
    set "DEPARTMENT_ID" = #{record.departmentId,jdbcType=VARCHAR},
      "PARENT_DEPARTMENT_ID" = #{record.parentDepartmentId,jdbcType=VARCHAR},
      "DEPARTMENT_NAME" = #{record.departmentName,jdbcType=VARCHAR},
      "DEPARTMENT_TIME" = #{record.departmentTime,jdbcType=TIMESTAMP},
      "DEPARTMENT_STATUS" = #{record.departmentStatus,jdbcType=VARCHAR},
      "DEPARTMENT_ESCRIBES" = #{record.departmentEscribes,jdbcType=VARCHAR}
    <if test="_parameter != null">
      <include refid="Update_By_Example_Where_Clause" />
    </if>
  </update>
  <update id="updateByPrimaryKeySelective" parameterType="com.share.golden.entity.SysDepartment">
    update SYS_DEPARTMENT
    <set>
      <if test="parentDepartmentId != null">
        "PARENT_DEPARTMENT_ID" = #{parentDepartmentId,jdbcType=VARCHAR},
      </if>
      <if test="departmentName != null">
        "DEPARTMENT_NAME" = #{departmentName,jdbcType=VARCHAR},
      </if>
      <if test="departmentTime != null">
        "DEPARTMENT_TIME" = #{departmentTime,jdbcType=TIMESTAMP},
      </if>
      <if test="departmentStatus != null">
        "DEPARTMENT_STATUS" = #{departmentStatus,jdbcType=VARCHAR},
      </if>
      <if test="departmentEscribes != null">
        "DEPARTMENT_ESCRIBES" = #{departmentEscribes,jdbcType=VARCHAR},
      </if>
    </set>
    where "DEPARTMENT_ID" = #{departmentId,jdbcType=VARCHAR}
  </update>
  <update id="updateByPrimaryKey" parameterType="com.share.golden.entity.SysDepartment">
    update SYS_DEPARTMENT
    set "PARENT_DEPARTMENT_ID" = #{parentDepartmentId,jdbcType=VARCHAR},
      "DEPARTMENT_NAME" = #{departmentName,jdbcType=VARCHAR},
      "DEPARTMENT_TIME" = #{departmentTime,jdbcType=TIMESTAMP},
      "DEPARTMENT_STATUS" = #{departmentStatus,jdbcType=VARCHAR},
      "DEPARTMENT_ESCRIBES" = #{departmentEscribes,jdbcType=VARCHAR}
    where "DEPARTMENT_ID" = #{departmentId,jdbcType=VARCHAR}
  </update>
</mapper>