<?xml version="1.0" encoding="UTF-8"?>
<!DOCTYPE mapper PUBLIC "-//mybatis.org//DTD Mapper 3.0//EN" "http://mybatis.org/dtd/mybatis-3-mapper.dtd">
<mapper namespace="com.share.golden.dao.auto.SysLogMapper">
  <resultMap id="BaseResultMap" type="com.share.golden.entity.SysLog">
    <id column="LOG_ID" jdbcType="VARCHAR" property="logId" />
    <result column="LOG_TYPE" jdbcType="VARCHAR" property="logType" />
    <result column="LOG_REMARK" jdbcType="VARCHAR" property="logRemark" />
    <result column="LOG_PROCESSTIME" jdbcType="TIMESTAMP" property="logProcesstime" />
  </resultMap>
  <sql id="Example_Where_Clause">
    <where>
      <foreach collection="oredCriteria" item="criteria" separator="or">
        <if test="criteria.valid">
          <trim prefix="(" prefixOverrides="and" suffix=")">
            <foreach collection="criteria.criteria" item="criterion">
              <choose>
                <when test="criterion.noValue">
                  and ${criterion.condition}
                </when>
                <when test="criterion.singleValue">
                  and ${criterion.condition} #{criterion.value}
                </when>
                <when test="criterion.betweenValue">
                  and ${criterion.condition} #{criterion.value} and #{criterion.secondValue}
                </when>
                <when test="criterion.listValue">
                  and ${criterion.condition}
                  <foreach close=")" collection="criterion.value" item="listItem" open="(" separator=",">
                    #{listItem}
                  </foreach>
                </when>
              </choose>
            </foreach>
          </trim>
        </if>
      </foreach>
    </where>
  </sql>
  <sql id="Update_By_Example_Where_Clause">
    <where>
      <foreach collection="example.oredCriteria" item="criteria" separator="or">
        <if test="criteria.valid">
          <trim prefix="(" prefixOverrides="and" suffix=")">
            <foreach collection="criteria.criteria" item="criterion">
              <choose>
                <when test="criterion.noValue">
                  and ${criterion.condition}
                </when>
                <when test="criterion.singleValue">
                  and ${criterion.condition} #{criterion.value}
                </when>
                <when test="criterion.betweenValue">
                  and ${criterion.condition} #{criterion.value} and #{criterion.secondValue}
                </when>
                <when test="criterion.listValue">
                  and ${criterion.condition}
                  <foreach close=")" collection="criterion.value" item="listItem" open="(" separator=",">
                    #{listItem}
                  </foreach>
                </when>
              </choose>
            </foreach>
          </trim>
        </if>
      </foreach>
    </where>
  </sql>
  <sql id="Base_Column_List">
    "LOG_ID", "LOG_TYPE", "LOG_REMARK", "LOG_PROCESSTIME"
  </sql>
  <select id="selectByExample" parameterType="com.share.golden.entity.SysLogExample" resultMap="BaseResultMap">
    select
    <if test="distinct">
      distinct
    </if>
    <include refid="Base_Column_List" />
    from SYS_LOG
    <if test="_parameter != null">
      <include refid="Example_Where_Clause" />
    </if>
    <if test="orderByClause != null">
      order by ${orderByClause}
    </if>
  </select>
  <select id="selectByPrimaryKey" parameterType="java.lang.String" resultMap="BaseResultMap">
    select 
    <include refid="Base_Column_List" />
    from SYS_LOG
    where "LOG_ID" = #{logId,jdbcType=VARCHAR}
  </select>
  <delete id="deleteByPrimaryKey" parameterType="java.lang.String">
    delete from SYS_LOG
    where "LOG_ID" = #{logId,jdbcType=VARCHAR}
  </delete>
  <delete id="deleteByExample" parameterType="com.share.golden.entity.SysLogExample">
    delete from SYS_LOG
    <if test="_parameter != null">
      <include refid="Example_Where_Clause" />
    </if>
  </delete>
  <insert id="insert" parameterType="com.share.golden.entity.SysLog">
    insert into SYS_LOG ("LOG_ID", "LOG_TYPE", "LOG_REMARK", 
      "LOG_PROCESSTIME")
    values (#{logId,jdbcType=VARCHAR}, #{logType,jdbcType=VARCHAR}, #{logRemark,jdbcType=VARCHAR}, 
      #{logProcesstime,jdbcType=TIMESTAMP})
  </insert>
  <insert id="insertSelective" parameterType="com.share.golden.entity.SysLog">
    insert into SYS_LOG
    <trim prefix="(" suffix=")" suffixOverrides=",">
      <if test="logId != null">
        "LOG_ID",
      </if>
      <if test="logType != null">
        "LOG_TYPE",
      </if>
      <if test="logRemark != null">
        "LOG_REMARK",
      </if>
      <if test="logProcesstime != null">
        "LOG_PROCESSTIME",
      </if>
    </trim>
    <trim prefix="values (" suffix=")" suffixOverrides=",">
      <if test="logId != null">
        #{logId,jdbcType=VARCHAR},
      </if>
      <if test="logType != null">
        #{logType,jdbcType=VARCHAR},
      </if>
      <if test="logRemark != null">
        #{logRemark,jdbcType=VARCHAR},
      </if>
      <if test="logProcesstime != null">
        #{logProcesstime,jdbcType=TIMESTAMP},
      </if>
    </trim>
  </insert>
  <select id="countByExample" parameterType="com.share.golden.entity.SysLogExample" resultType="java.lang.Long">
    select count(*) from SYS_LOG
    <if test="_parameter != null">
      <include refid="Example_Where_Clause" />
    </if>
  </select>
  <update id="updateByExampleSelective" parameterType="map">
    update SYS_LOG
    <set>
      <if test="record.logId != null">
        "LOG_ID" = #{record.logId,jdbcType=VARCHAR},
      </if>
      <if test="record.logType != null">
        "LOG_TYPE" = #{record.logType,jdbcType=VARCHAR},
      </if>
      <if test="record.logRemark != null">
        "LOG_REMARK" = #{record.logRemark,jdbcType=VARCHAR},
      </if>
      <if test="record.logProcesstime != null">
        "LOG_PROCESSTIME" = #{record.logProcesstime,jdbcType=TIMESTAMP},
      </if>
    </set>
    <if test="_parameter != null">
      <include refid="Update_By_Example_Where_Clause" />
    </if>
  </update>
  <update id="updateByExample" parameterType="map">
    update SYS_LOG
    set "LOG_ID" = #{record.logId,jdbcType=VARCHAR},
      "LOG_TYPE" = #{record.logType,jdbcType=VARCHAR},
      "LOG_REMARK" = #{record.logRemark,jdbcType=VARCHAR},
      "LOG_PROCESSTIME" = #{record.logProcesstime,jdbcType=TIMESTAMP}
    <if test="_parameter != null">
      <include refid="Update_By_Example_Where_Clause" />
    </if>
  </update>
  <update id="updateByPrimaryKeySelective" parameterType="com.share.golden.entity.SysLog">
    update SYS_LOG
    <set>
      <if test="logType != null">
        "LOG_TYPE" = #{logType,jdbcType=VARCHAR},
      </if>
      <if test="logRemark != null">
        "LOG_REMARK" = #{logRemark,jdbcType=VARCHAR},
      </if>
      <if test="logProcesstime != null">
        "LOG_PROCESSTIME" = #{logProcesstime,jdbcType=TIMESTAMP},
      </if>
    </set>
    where "LOG_ID" = #{logId,jdbcType=VARCHAR}
  </update>
  <update id="updateByPrimaryKey" parameterType="com.share.golden.entity.SysLog">
    update SYS_LOG
    set "LOG_TYPE" = #{logType,jdbcType=VARCHAR},
      "LOG_REMARK" = #{logRemark,jdbcType=VARCHAR},
      "LOG_PROCESSTIME" = #{logProcesstime,jdbcType=TIMESTAMP}
    where "LOG_ID" = #{logId,jdbcType=VARCHAR}
  </update>
</mapper>