<?xml version="1.0" encoding="UTF-8"?>
<!DOCTYPE mapper PUBLIC "-//mybatis.org//DTD Mapper 3.0//EN" "http://mybatis.org/dtd/mybatis-3-mapper.dtd">
<mapper namespace="com.share.golden.dao.auto.SysVipMapper">
  <resultMap id="BaseResultMap" type="com.share.golden.entity.SysVip">
    <id column="VIP_ID" jdbcType="VARCHAR" property="vipId" />
    <result column="USER_ID" jdbcType="VARCHAR" property="userId" />
    <result column="VIP_STATE" jdbcType="VARCHAR" property="vipState" />
    <result column="USER_CREDIT" jdbcType="VARCHAR" property="userCredit" />
  </resultMap>
  <sql id="Example_Where_Clause">
    <where>
      <foreach collection="oredCriteria" item="criteria" separator="or">
        <if test="criteria.valid">
          <trim prefix="(" prefixOverrides="and" suffix=")">
            <foreach collection="criteria.criteria" item="criterion">
              <choose>
                <when test="criterion.noValue">
                  and ${criterion.condition}
                </when>
                <when test="criterion.singleValue">
                  and ${criterion.condition} #{criterion.value}
                </when>
                <when test="criterion.betweenValue">
                  and ${criterion.condition} #{criterion.value} and #{criterion.secondValue}
                </when>
                <when test="criterion.listValue">
                  and ${criterion.condition}
                  <foreach close=")" collection="criterion.value" item="listItem" open="(" separator=",">
                    #{listItem}
                  </foreach>
                </when>
              </choose>
            </foreach>
          </trim>
        </if>
      </foreach>
    </where>
  </sql>
  <sql id="Update_By_Example_Where_Clause">
    <where>
      <foreach collection="example.oredCriteria" item="criteria" separator="or">
        <if test="criteria.valid">
          <trim prefix="(" prefixOverrides="and" suffix=")">
            <foreach collection="criteria.criteria" item="criterion">
              <choose>
                <when test="criterion.noValue">
                  and ${criterion.condition}
                </when>
                <when test="criterion.singleValue">
                  and ${criterion.condition} #{criterion.value}
                </when>
                <when test="criterion.betweenValue">
                  and ${criterion.condition} #{criterion.value} and #{criterion.secondValue}
                </when>
                <when test="criterion.listValue">
                  and ${criterion.condition}
                  <foreach close=")" collection="criterion.value" item="listItem" open="(" separator=",">
                    #{listItem}
                  </foreach>
                </when>
              </choose>
            </foreach>
          </trim>
        </if>
      </foreach>
    </where>
  </sql>
  <sql id="Base_Column_List">
    "VIP_ID", "USER_ID", "VIP_STATE", "USER_CREDIT"
  </sql>
  <select id="selectByExample" parameterType="com.share.golden.entity.SysVipExample" resultMap="BaseResultMap">
    select
    <if test="distinct">
      distinct
    </if>
    <include refid="Base_Column_List" />
    from SYS_VIP
    <if test="_parameter != null">
      <include refid="Example_Where_Clause" />
    </if>
    <if test="orderByClause != null">
      order by ${orderByClause}
    </if>
  </select>
  <select id="selectByPrimaryKey" parameterType="java.lang.String" resultMap="BaseResultMap">
    select 
    <include refid="Base_Column_List" />
    from SYS_VIP
    where "VIP_ID" = #{vipId,jdbcType=VARCHAR}
  </select>
  <delete id="deleteByPrimaryKey" parameterType="java.lang.String">
    delete from SYS_VIP
    where "VIP_ID" = #{vipId,jdbcType=VARCHAR}
  </delete>
  <delete id="deleteByExample" parameterType="com.share.golden.entity.SysVipExample">
    delete from SYS_VIP
    <if test="_parameter != null">
      <include refid="Example_Where_Clause" />
    </if>
  </delete>
  <insert id="insert" parameterType="com.share.golden.entity.SysVip">
    insert into SYS_VIP ("VIP_ID", "USER_ID", "VIP_STATE", 
      "USER_CREDIT")
    values (#{vipId,jdbcType=VARCHAR}, #{userId,jdbcType=VARCHAR}, #{vipState,jdbcType=VARCHAR}, 
      #{userCredit,jdbcType=VARCHAR})
  </insert>
  <insert id="insertSelective" parameterType="com.share.golden.entity.SysVip">
    insert into SYS_VIP
    <trim prefix="(" suffix=")" suffixOverrides=",">
      <if test="vipId != null">
        "VIP_ID",
      </if>
      <if test="userId != null">
        "USER_ID",
      </if>
      <if test="vipState != null">
        "VIP_STATE",
      </if>
      <if test="userCredit != null">
        "USER_CREDIT",
      </if>
    </trim>
    <trim prefix="values (" suffix=")" suffixOverrides=",">
      <if test="vipId != null">
        #{vipId,jdbcType=VARCHAR},
      </if>
      <if test="userId != null">
        #{userId,jdbcType=VARCHAR},
      </if>
      <if test="vipState != null">
        #{vipState,jdbcType=VARCHAR},
      </if>
      <if test="userCredit != null">
        #{userCredit,jdbcType=VARCHAR},
      </if>
    </trim>
  </insert>
  <select id="countByExample" parameterType="com.share.golden.entity.SysVipExample" resultType="java.lang.Long">
    select count(*) from SYS_VIP
    <if test="_parameter != null">
      <include refid="Example_Where_Clause" />
    </if>
  </select>
  <update id="updateByExampleSelective" parameterType="map">
    update SYS_VIP
    <set>
      <if test="record.vipId != null">
        "VIP_ID" = #{record.vipId,jdbcType=VARCHAR},
      </if>
      <if test="record.userId != null">
        "USER_ID" = #{record.userId,jdbcType=VARCHAR},
      </if>
      <if test="record.vipState != null">
        "VIP_STATE" = #{record.vipState,jdbcType=VARCHAR},
      </if>
      <if test="record.userCredit != null">
        "USER_CREDIT" = #{record.userCredit,jdbcType=VARCHAR},
      </if>
    </set>
    <if test="_parameter != null">
      <include refid="Update_By_Example_Where_Clause" />
    </if>
  </update>
  <update id="updateByExample" parameterType="map">
    update SYS_VIP
    set "VIP_ID" = #{record.vipId,jdbcType=VARCHAR},
      "USER_ID" = #{record.userId,jdbcType=VARCHAR},
      "VIP_STATE" = #{record.vipState,jdbcType=VARCHAR},
      "USER_CREDIT" = #{record.userCredit,jdbcType=VARCHAR}
    <if test="_parameter != null">
      <include refid="Update_By_Example_Where_Clause" />
    </if>
  </update>
  <update id="updateByPrimaryKeySelective" parameterType="com.share.golden.entity.SysVip">
    update SYS_VIP
    <set>
      <if test="userId != null">
        "USER_ID" = #{userId,jdbcType=VARCHAR},
      </if>
      <if test="vipState != null">
        "VIP_STATE" = #{vipState,jdbcType=VARCHAR},
      </if>
      <if test="userCredit != null">
        "USER_CREDIT" = #{userCredit,jdbcType=VARCHAR},
      </if>
    </set>
    where "VIP_ID" = #{vipId,jdbcType=VARCHAR}
  </update>
  <update id="updateByPrimaryKey" parameterType="com.share.golden.entity.SysVip">
    update SYS_VIP
    set "USER_ID" = #{userId,jdbcType=VARCHAR},
      "VIP_STATE" = #{vipState,jdbcType=VARCHAR},
      "USER_CREDIT" = #{userCredit,jdbcType=VARCHAR}
    where "VIP_ID" = #{vipId,jdbcType=VARCHAR}
  </update>
</mapper>