<?xml version="1.0" encoding="UTF-8"?>
<!DOCTYPE mapper PUBLIC "-//mybatis.org//DTD Mapper 3.0//EN" "http://mybatis.org/dtd/mybatis-3-mapper.dtd">
<mapper namespace="com.share.golden.dao.auto.UserContactMapper">
  <resultMap id="BaseResultMap" type="com.share.golden.entity.UserContact">
    <id column="CONTACT_ID" jdbcType="VARCHAR" property="contactId" />
    <result column="USER_ID" jdbcType="VARCHAR" property="userId" />
    <result column="CONTACT_TYPE" jdbcType="VARCHAR" property="contactType" />
    <result column="CONTACT_PEOPLE" jdbcType="VARCHAR" property="contactPeople" />
    <result column="TELPHONE_NUMBER" jdbcType="VARCHAR" property="telphoneNumber" />
  </resultMap>
  <sql id="Example_Where_Clause">
    <where>
      <foreach collection="oredCriteria" item="criteria" separator="or">
        <if test="criteria.valid">
          <trim prefix="(" prefixOverrides="and" suffix=")">
            <foreach collection="criteria.criteria" item="criterion">
              <choose>
                <when test="criterion.noValue">
                  and ${criterion.condition}
                </when>
                <when test="criterion.singleValue">
                  and ${criterion.condition} #{criterion.value}
                </when>
                <when test="criterion.betweenValue">
                  and ${criterion.condition} #{criterion.value} and #{criterion.secondValue}
                </when>
                <when test="criterion.listValue">
                  and ${criterion.condition}
                  <foreach close=")" collection="criterion.value" item="listItem" open="(" separator=",">
                    #{listItem}
                  </foreach>
                </when>
              </choose>
            </foreach>
          </trim>
        </if>
      </foreach>
    </where>
  </sql>
  <sql id="Update_By_Example_Where_Clause">
    <where>
      <foreach collection="example.oredCriteria" item="criteria" separator="or">
        <if test="criteria.valid">
          <trim prefix="(" prefixOverrides="and" suffix=")">
            <foreach collection="criteria.criteria" item="criterion">
              <choose>
                <when test="criterion.noValue">
                  and ${criterion.condition}
                </when>
                <when test="criterion.singleValue">
                  and ${criterion.condition} #{criterion.value}
                </when>
                <when test="criterion.betweenValue">
                  and ${criterion.condition} #{criterion.value} and #{criterion.secondValue}
                </when>
                <when test="criterion.listValue">
                  and ${criterion.condition}
                  <foreach close=")" collection="criterion.value" item="listItem" open="(" separator=",">
                    #{listItem}
                  </foreach>
                </when>
              </choose>
            </foreach>
          </trim>
        </if>
      </foreach>
    </where>
  </sql>
  <sql id="Base_Column_List">
    "CONTACT_ID", "USER_ID", "CONTACT_TYPE", "CONTACT_PEOPLE", "TELPHONE_NUMBER"
  </sql>
  <select id="selectByExample" parameterType="com.share.golden.entity.UserContactExample" resultMap="BaseResultMap">
    select
    <if test="distinct">
      distinct
    </if>
    <include refid="Base_Column_List" />
    from USER_CONTACT
    <if test="_parameter != null">
      <include refid="Example_Where_Clause" />
    </if>
    <if test="orderByClause != null">
      order by ${orderByClause}
    </if>
  </select>
  <select id="selectByPrimaryKey" parameterType="java.lang.String" resultMap="BaseResultMap">
    select 
    <include refid="Base_Column_List" />
    from USER_CONTACT
    where "CONTACT_ID" = #{contactId,jdbcType=VARCHAR}
  </select>
  <delete id="deleteByPrimaryKey" parameterType="java.lang.String">
    delete from USER_CONTACT
    where "CONTACT_ID" = #{contactId,jdbcType=VARCHAR}
  </delete>
  <delete id="deleteByExample" parameterType="com.share.golden.entity.UserContactExample">
    delete from USER_CONTACT
    <if test="_parameter != null">
      <include refid="Example_Where_Clause" />
    </if>
  </delete>
  <insert id="insert" parameterType="com.share.golden.entity.UserContact">
    insert into USER_CONTACT ("CONTACT_ID", "USER_ID", "CONTACT_TYPE", 
      "CONTACT_PEOPLE", "TELPHONE_NUMBER")
    values (#{contactId,jdbcType=VARCHAR}, #{userId,jdbcType=VARCHAR}, #{contactType,jdbcType=VARCHAR}, 
      #{contactPeople,jdbcType=VARCHAR}, #{telphoneNumber,jdbcType=VARCHAR})
  </insert>
  <insert id="insertSelective" parameterType="com.share.golden.entity.UserContact">
    insert into USER_CONTACT
    <trim prefix="(" suffix=")" suffixOverrides=",">
      <if test="contactId != null">
        "CONTACT_ID",
      </if>
      <if test="userId != null">
        "USER_ID",
      </if>
      <if test="contactType != null">
        "CONTACT_TYPE",
      </if>
      <if test="contactPeople != null">
        "CONTACT_PEOPLE",
      </if>
      <if test="telphoneNumber != null">
        "TELPHONE_NUMBER",
      </if>
    </trim>
    <trim prefix="values (" suffix=")" suffixOverrides=",">
      <if test="contactId != null">
        #{contactId,jdbcType=VARCHAR},
      </if>
      <if test="userId != null">
        #{userId,jdbcType=VARCHAR},
      </if>
      <if test="contactType != null">
        #{contactType,jdbcType=VARCHAR},
      </if>
      <if test="contactPeople != null">
        #{contactPeople,jdbcType=VARCHAR},
      </if>
      <if test="telphoneNumber != null">
        #{telphoneNumber,jdbcType=VARCHAR},
      </if>
    </trim>
  </insert>
  <select id="countByExample" parameterType="com.share.golden.entity.UserContactExample" resultType="java.lang.Long">
    select count(*) from USER_CONTACT
    <if test="_parameter != null">
      <include refid="Example_Where_Clause" />
    </if>
  </select>
  <update id="updateByExampleSelective" parameterType="map">
    update USER_CONTACT
    <set>
      <if test="record.contactId != null">
        "CONTACT_ID" = #{record.contactId,jdbcType=VARCHAR},
      </if>
      <if test="record.userId != null">
        "USER_ID" = #{record.userId,jdbcType=VARCHAR},
      </if>
      <if test="record.contactType != null">
        "CONTACT_TYPE" = #{record.contactType,jdbcType=VARCHAR},
      </if>
      <if test="record.contactPeople != null">
        "CONTACT_PEOPLE" = #{record.contactPeople,jdbcType=VARCHAR},
      </if>
      <if test="record.telphoneNumber != null">
        "TELPHONE_NUMBER" = #{record.telphoneNumber,jdbcType=VARCHAR},
      </if>
    </set>
    <if test="_parameter != null">
      <include refid="Update_By_Example_Where_Clause" />
    </if>
  </update>
  <update id="updateByExample" parameterType="map">
    update USER_CONTACT
    set "CONTACT_ID" = #{record.contactId,jdbcType=VARCHAR},
      "USER_ID" = #{record.userId,jdbcType=VARCHAR},
      "CONTACT_TYPE" = #{record.contactType,jdbcType=VARCHAR},
      "CONTACT_PEOPLE" = #{record.contactPeople,jdbcType=VARCHAR},
      "TELPHONE_NUMBER" = #{record.telphoneNumber,jdbcType=VARCHAR}
    <if test="_parameter != null">
      <include refid="Update_By_Example_Where_Clause" />
    </if>
  </update>
  <update id="updateByPrimaryKeySelective" parameterType="com.share.golden.entity.UserContact">
    update USER_CONTACT
    <set>
      <if test="userId != null">
        "USER_ID" = #{userId,jdbcType=VARCHAR},
      </if>
      <if test="contactType != null">
        "CONTACT_TYPE" = #{contactType,jdbcType=VARCHAR},
      </if>
      <if test="contactPeople != null">
        "CONTACT_PEOPLE" = #{contactPeople,jdbcType=VARCHAR},
      </if>
      <if test="telphoneNumber != null">
        "TELPHONE_NUMBER" = #{telphoneNumber,jdbcType=VARCHAR},
      </if>
    </set>
    where "CONTACT_ID" = #{contactId,jdbcType=VARCHAR}
  </update>
  <update id="updateByPrimaryKey" parameterType="com.share.golden.entity.UserContact">
    update USER_CONTACT
    set "USER_ID" = #{userId,jdbcType=VARCHAR},
      "CONTACT_TYPE" = #{contactType,jdbcType=VARCHAR},
      "CONTACT_PEOPLE" = #{contactPeople,jdbcType=VARCHAR},
      "TELPHONE_NUMBER" = #{telphoneNumber,jdbcType=VARCHAR}
    where "CONTACT_ID" = #{contactId,jdbcType=VARCHAR}
  </update>
</mapper>