<?xml version="1.0" encoding="UTF-8"?>
<!DOCTYPE mapper PUBLIC "-//mybatis.org//DTD Mapper 3.0//EN" "http://mybatis.org/dtd/mybatis-3-mapper.dtd">
<mapper namespace="com.share.golden.dao.auto.BasInvestmentInformationMapper">
  <resultMap id="BaseResultMap" type="com.share.golden.entity.BasInvestmentInformation">
    <id column="INVESTOR_ID" jdbcType="VARCHAR" property="investorId" />
    <result column="USER_ID" jdbcType="VARCHAR" property="userId" />
    <result column="TENDER _ID" jdbcType="VARCHAR" property="tenderId" />
    <result column="INVESTOR_MONEY" jdbcType="DECIMAL" property="investorMoney" />
    <result column="INVESTOR_STATUS" jdbcType="VARCHAR" property="investorStatus" />
    <result column="INVESTOR_STYLE" jdbcType="VARCHAR" property="investorStyle" />
    <result column="BRROW_STATUS" jdbcType="VARCHAR" property="brrowStatus" />
    <result column="INVESTOR_REST" jdbcType="VARCHAR" property="investorRest" />
    <result column="PROFIT_MODEL" jdbcType="VARCHAR" property="profitModel" />
    <result column="PROFIT_MONEY" jdbcType="DECIMAL" property="profitMoney" />
    <result column="INVESTOR_DATE" jdbcType="TIMESTAMP" property="investorDate" />
    <result column="REPLAY_DATE" jdbcType="VARCHAR" property="replayDate" />
    <result column="INVESTOR_TYPE" jdbcType="VARCHAR" property="investorType" />
  </resultMap>
  <sql id="Example_Where_Clause">
    <where>
      <foreach collection="oredCriteria" item="criteria" separator="or">
        <if test="criteria.valid">
          <trim prefix="(" prefixOverrides="and" suffix=")">
            <foreach collection="criteria.criteria" item="criterion">
              <choose>
                <when test="criterion.noValue">
                  and ${criterion.condition}
                </when>
                <when test="criterion.singleValue">
                  and ${criterion.condition} #{criterion.value}
                </when>
                <when test="criterion.betweenValue">
                  and ${criterion.condition} #{criterion.value} and #{criterion.secondValue}
                </when>
                <when test="criterion.listValue">
                  and ${criterion.condition}
                  <foreach close=")" collection="criterion.value" item="listItem" open="(" separator=",">
                    #{listItem}
                  </foreach>
                </when>
              </choose>
            </foreach>
          </trim>
        </if>
      </foreach>
    </where>
  </sql>
  <sql id="Update_By_Example_Where_Clause">
    <where>
      <foreach collection="example.oredCriteria" item="criteria" separator="or">
        <if test="criteria.valid">
          <trim prefix="(" prefixOverrides="and" suffix=")">
            <foreach collection="criteria.criteria" item="criterion">
              <choose>
                <when test="criterion.noValue">
                  and ${criterion.condition}
                </when>
                <when test="criterion.singleValue">
                  and ${criterion.condition} #{criterion.value}
                </when>
                <when test="criterion.betweenValue">
                  and ${criterion.condition} #{criterion.value} and #{criterion.secondValue}
                </when>
                <when test="criterion.listValue">
                  and ${criterion.condition}
                  <foreach close=")" collection="criterion.value" item="listItem" open="(" separator=",">
                    #{listItem}
                  </foreach>
                </when>
              </choose>
            </foreach>
          </trim>
        </if>
      </foreach>
    </where>
  </sql>
  <sql id="Base_Column_List">
    "INVESTOR_ID", "USER_ID", "TENDER _ID", "INVESTOR_MONEY", "INVESTOR_STATUS", "INVESTOR_STYLE", 
    "BRROW_STATUS", "INVESTOR_REST", "PROFIT_MODEL", "PROFIT_MONEY", "INVESTOR_DATE", 
    "REPLAY_DATE", "INVESTOR_TYPE"
  </sql>
  <select id="selectByExample" parameterType="com.share.golden.entity.BasInvestmentInformationExample" resultMap="BaseResultMap">
    select
    <if test="distinct">
      distinct
    </if>
    <include refid="Base_Column_List" />
    from BAS_INVESTMENT_INFORMATION
    <if test="_parameter != null">
      <include refid="Example_Where_Clause" />
    </if>
    <if test="orderByClause != null">
      order by ${orderByClause}
    </if>
  </select>
  <select id="selectByPrimaryKey" parameterType="java.lang.String" resultMap="BaseResultMap">
    select 
    <include refid="Base_Column_List" />
    from BAS_INVESTMENT_INFORMATION
    where "INVESTOR_ID" = #{investorId,jdbcType=VARCHAR}
  </select>
  <delete id="deleteByPrimaryKey" parameterType="java.lang.String">
    delete from BAS_INVESTMENT_INFORMATION
    where "INVESTOR_ID" = #{investorId,jdbcType=VARCHAR}
  </delete>
  <delete id="deleteByExample" parameterType="com.share.golden.entity.BasInvestmentInformationExample">
    delete from BAS_INVESTMENT_INFORMATION
    <if test="_parameter != null">
      <include refid="Example_Where_Clause" />
    </if>
  </delete>
  <insert id="insert" parameterType="com.share.golden.entity.BasInvestmentInformation">
    insert into BAS_INVESTMENT_INFORMATION ("INVESTOR_ID", "USER_ID", "TENDER _ID", 
      "INVESTOR_MONEY", "INVESTOR_STATUS", "INVESTOR_STYLE", 
      "BRROW_STATUS", "INVESTOR_REST", "PROFIT_MODEL", 
      "PROFIT_MONEY", "INVESTOR_DATE", "REPLAY_DATE", 
      "INVESTOR_TYPE")
    values (#{investorId,jdbcType=VARCHAR}, #{userId,jdbcType=VARCHAR}, #{tenderId,jdbcType=VARCHAR}, 
      #{investorMoney,jdbcType=DECIMAL}, #{investorStatus,jdbcType=VARCHAR}, #{investorStyle,jdbcType=VARCHAR}, 
      #{brrowStatus,jdbcType=VARCHAR}, #{investorRest,jdbcType=VARCHAR}, #{profitModel,jdbcType=VARCHAR}, 
      #{profitMoney,jdbcType=DECIMAL}, #{investorDate,jdbcType=TIMESTAMP}, #{replayDate,jdbcType=VARCHAR}, 
      #{investorType,jdbcType=VARCHAR})
  </insert>
  <insert id="insertSelective" parameterType="com.share.golden.entity.BasInvestmentInformation">
    insert into BAS_INVESTMENT_INFORMATION
    <trim prefix="(" suffix=")" suffixOverrides=",">
      <if test="investorId != null">
        "INVESTOR_ID",
      </if>
      <if test="userId != null">
        "USER_ID",
      </if>
      <if test="tenderId != null">
        "TENDER _ID",
      </if>
      <if test="investorMoney != null">
        "INVESTOR_MONEY",
      </if>
      <if test="investorStatus != null">
        "INVESTOR_STATUS",
      </if>
      <if test="investorStyle != null">
        "INVESTOR_STYLE",
      </if>
      <if test="brrowStatus != null">
        "BRROW_STATUS",
      </if>
      <if test="investorRest != null">
        "INVESTOR_REST",
      </if>
      <if test="profitModel != null">
        "PROFIT_MODEL",
      </if>
      <if test="profitMoney != null">
        "PROFIT_MONEY",
      </if>
      <if test="investorDate != null">
        "INVESTOR_DATE",
      </if>
      <if test="replayDate != null">
        "REPLAY_DATE",
      </if>
      <if test="investorType != null">
        "INVESTOR_TYPE",
      </if>
    </trim>
    <trim prefix="values (" suffix=")" suffixOverrides=",">
      <if test="investorId != null">
        #{investorId,jdbcType=VARCHAR},
      </if>
      <if test="userId != null">
        #{userId,jdbcType=VARCHAR},
      </if>
      <if test="tenderId != null">
        #{tenderId,jdbcType=VARCHAR},
      </if>
      <if test="investorMoney != null">
        #{investorMoney,jdbcType=DECIMAL},
      </if>
      <if test="investorStatus != null">
        #{investorStatus,jdbcType=VARCHAR},
      </if>
      <if test="investorStyle != null">
        #{investorStyle,jdbcType=VARCHAR},
      </if>
      <if test="brrowStatus != null">
        #{brrowStatus,jdbcType=VARCHAR},
      </if>
      <if test="investorRest != null">
        #{investorRest,jdbcType=VARCHAR},
      </if>
      <if test="profitModel != null">
        #{profitModel,jdbcType=VARCHAR},
      </if>
      <if test="profitMoney != null">
        #{profitMoney,jdbcType=DECIMAL},
      </if>
      <if test="investorDate != null">
        #{investorDate,jdbcType=TIMESTAMP},
      </if>
      <if test="replayDate != null">
        #{replayDate,jdbcType=VARCHAR},
      </if>
      <if test="investorType != null">
        #{investorType,jdbcType=VARCHAR},
      </if>
    </trim>
  </insert>
  <select id="countByExample" parameterType="com.share.golden.entity.BasInvestmentInformationExample" resultType="java.lang.Long">
    select count(*) from BAS_INVESTMENT_INFORMATION
    <if test="_parameter != null">
      <include refid="Example_Where_Clause" />
    </if>
  </select>
  <update id="updateByExampleSelective" parameterType="map">
    update BAS_INVESTMENT_INFORMATION
    <set>
      <if test="record.investorId != null">
        "INVESTOR_ID" = #{record.investorId,jdbcType=VARCHAR},
      </if>
      <if test="record.userId != null">
        "USER_ID" = #{record.userId,jdbcType=VARCHAR},
      </if>
      <if test="record.tenderId != null">
        "TENDER _ID" = #{record.tenderId,jdbcType=VARCHAR},
      </if>
      <if test="record.investorMoney != null">
        "INVESTOR_MONEY" = #{record.investorMoney,jdbcType=DECIMAL},
      </if>
      <if test="record.investorStatus != null">
        "INVESTOR_STATUS" = #{record.investorStatus,jdbcType=VARCHAR},
      </if>
      <if test="record.investorStyle != null">
        "INVESTOR_STYLE" = #{record.investorStyle,jdbcType=VARCHAR},
      </if>
      <if test="record.brrowStatus != null">
        "BRROW_STATUS" = #{record.brrowStatus,jdbcType=VARCHAR},
      </if>
      <if test="record.investorRest != null">
        "INVESTOR_REST" = #{record.investorRest,jdbcType=VARCHAR},
      </if>
      <if test="record.profitModel != null">
        "PROFIT_MODEL" = #{record.profitModel,jdbcType=VARCHAR},
      </if>
      <if test="record.profitMoney != null">
        "PROFIT_MONEY" = #{record.profitMoney,jdbcType=DECIMAL},
      </if>
      <if test="record.investorDate != null">
        "INVESTOR_DATE" = #{record.investorDate,jdbcType=TIMESTAMP},
      </if>
      <if test="record.replayDate != null">
        "REPLAY_DATE" = #{record.replayDate,jdbcType=VARCHAR},
      </if>
      <if test="record.investorType != null">
        "INVESTOR_TYPE" = #{record.investorType,jdbcType=VARCHAR},
      </if>
    </set>
    <if test="_parameter != null">
      <include refid="Update_By_Example_Where_Clause" />
    </if>
  </update>
  <update id="updateByExample" parameterType="map">
    update BAS_INVESTMENT_INFORMATION
    set "INVESTOR_ID" = #{record.investorId,jdbcType=VARCHAR},
      "USER_ID" = #{record.userId,jdbcType=VARCHAR},
      "TENDER _ID" = #{record.tenderId,jdbcType=VARCHAR},
      "INVESTOR_MONEY" = #{record.investorMoney,jdbcType=DECIMAL},
      "INVESTOR_STATUS" = #{record.investorStatus,jdbcType=VARCHAR},
      "INVESTOR_STYLE" = #{record.investorStyle,jdbcType=VARCHAR},
      "BRROW_STATUS" = #{record.brrowStatus,jdbcType=VARCHAR},
      "INVESTOR_REST" = #{record.investorRest,jdbcType=VARCHAR},
      "PROFIT_MODEL" = #{record.profitModel,jdbcType=VARCHAR},
      "PROFIT_MONEY" = #{record.profitMoney,jdbcType=DECIMAL},
      "INVESTOR_DATE" = #{record.investorDate,jdbcType=TIMESTAMP},
      "REPLAY_DATE" = #{record.replayDate,jdbcType=VARCHAR},
      "INVESTOR_TYPE" = #{record.investorType,jdbcType=VARCHAR}
    <if test="_parameter != null">
      <include refid="Update_By_Example_Where_Clause" />
    </if>
  </update>
  <update id="updateByPrimaryKeySelective" parameterType="com.share.golden.entity.BasInvestmentInformation">
    update BAS_INVESTMENT_INFORMATION
    <set>
      <if test="userId != null">
        "USER_ID" = #{userId,jdbcType=VARCHAR},
      </if>
      <if test="tenderId != null">
        "TENDER _ID" = #{tenderId,jdbcType=VARCHAR},
      </if>
      <if test="investorMoney != null">
        "INVESTOR_MONEY" = #{investorMoney,jdbcType=DECIMAL},
      </if>
      <if test="investorStatus != null">
        "INVESTOR_STATUS" = #{investorStatus,jdbcType=VARCHAR},
      </if>
      <if test="investorStyle != null">
        "INVESTOR_STYLE" = #{investorStyle,jdbcType=VARCHAR},
      </if>
      <if test="brrowStatus != null">
        "BRROW_STATUS" = #{brrowStatus,jdbcType=VARCHAR},
      </if>
      <if test="investorRest != null">
        "INVESTOR_REST" = #{investorRest,jdbcType=VARCHAR},
      </if>
      <if test="profitModel != null">
        "PROFIT_MODEL" = #{profitModel,jdbcType=VARCHAR},
      </if>
      <if test="profitMoney != null">
        "PROFIT_MONEY" = #{profitMoney,jdbcType=DECIMAL},
      </if>
      <if test="investorDate != null">
        "INVESTOR_DATE" = #{investorDate,jdbcType=TIMESTAMP},
      </if>
      <if test="replayDate != null">
        "REPLAY_DATE" = #{replayDate,jdbcType=VARCHAR},
      </if>
      <if test="investorType != null">
        "INVESTOR_TYPE" = #{investorType,jdbcType=VARCHAR},
      </if>
    </set>
    where "INVESTOR_ID" = #{investorId,jdbcType=VARCHAR}
  </update>
  <update id="updateByPrimaryKey" parameterType="com.share.golden.entity.BasInvestmentInformation">
    update BAS_INVESTMENT_INFORMATION
    set "USER_ID" = #{userId,jdbcType=VARCHAR},
      "TENDER _ID" = #{tenderId,jdbcType=VARCHAR},
      "INVESTOR_MONEY" = #{investorMoney,jdbcType=DECIMAL},
      "INVESTOR_STATUS" = #{investorStatus,jdbcType=VARCHAR},
      "INVESTOR_STYLE" = #{investorStyle,jdbcType=VARCHAR},
      "BRROW_STATUS" = #{brrowStatus,jdbcType=VARCHAR},
      "INVESTOR_REST" = #{investorRest,jdbcType=VARCHAR},
      "PROFIT_MODEL" = #{profitModel,jdbcType=VARCHAR},
      "PROFIT_MONEY" = #{profitMoney,jdbcType=DECIMAL},
      "INVESTOR_DATE" = #{investorDate,jdbcType=TIMESTAMP},
      "REPLAY_DATE" = #{replayDate,jdbcType=VARCHAR},
      "INVESTOR_TYPE" = #{investorType,jdbcType=VARCHAR}
    where "INVESTOR_ID" = #{investorId,jdbcType=VARCHAR}
  </update>
</mapper>