<?xml version="1.0" encoding="UTF-8"?>
<!DOCTYPE mapper PUBLIC "-//mybatis.org//DTD Mapper 3.0//EN" "http://mybatis.org/dtd/mybatis-3-mapper.dtd">
<mapper namespace="com.share.golden.dao.auto.BasUserMapper">
  <resultMap id="BaseResultMap" type="com.share.golden.entity.BasUser">
    <id column="USER_ID" jdbcType="VARCHAR" property="userId" />
    <result column="USER_NICK" jdbcType="VARCHAR" property="userNick" />
    <result column="REAL_NAME" jdbcType="VARCHAR" property="realName" />
    <result column="EMAIL" jdbcType="VARCHAR" property="email" />
    <result column="PHONE_NUMBER" jdbcType="VARCHAR" property="phoneNumber" />
    <result column="REGISTER_TIME" jdbcType="TIMESTAMP" property="registerTime" />
    <result column="PASSWORD" jdbcType="VARCHAR" property="password" />
    <result column="PAY_PASSWORD" jdbcType="VARCHAR" property="payPassword" />
    <result column="BLACK" jdbcType="VARCHAR" property="black" />
    <result column="BANK_CARD_ID" jdbcType="VARCHAR" property="bankCardId" />
  </resultMap>
  <sql id="Example_Where_Clause">
    <where>
      <foreach collection="oredCriteria" item="criteria" separator="or">
        <if test="criteria.valid">
          <trim prefix="(" prefixOverrides="and" suffix=")">
            <foreach collection="criteria.criteria" item="criterion">
              <choose>
                <when test="criterion.noValue">
                  and ${criterion.condition}
                </when>
                <when test="criterion.singleValue">
                  and ${criterion.condition} #{criterion.value}
                </when>
                <when test="criterion.betweenValue">
                  and ${criterion.condition} #{criterion.value} and #{criterion.secondValue}
                </when>
                <when test="criterion.listValue">
                  and ${criterion.condition}
                  <foreach close=")" collection="criterion.value" item="listItem" open="(" separator=",">
                    #{listItem}
                  </foreach>
                </when>
              </choose>
            </foreach>
          </trim>
        </if>
      </foreach>
    </where>
  </sql>
  <sql id="Update_By_Example_Where_Clause">
    <where>
      <foreach collection="example.oredCriteria" item="criteria" separator="or">
        <if test="criteria.valid">
          <trim prefix="(" prefixOverrides="and" suffix=")">
            <foreach collection="criteria.criteria" item="criterion">
              <choose>
                <when test="criterion.noValue">
                  and ${criterion.condition}
                </when>
                <when test="criterion.singleValue">
                  and ${criterion.condition} #{criterion.value}
                </when>
                <when test="criterion.betweenValue">
                  and ${criterion.condition} #{criterion.value} and #{criterion.secondValue}
                </when>
                <when test="criterion.listValue">
                  and ${criterion.condition}
                  <foreach close=")" collection="criterion.value" item="listItem" open="(" separator=",">
                    #{listItem}
                  </foreach>
                </when>
              </choose>
            </foreach>
          </trim>
        </if>
      </foreach>
    </where>
  </sql>
  <sql id="Base_Column_List">
    "USER_ID", "USER_NICK", "REAL_NAME", "EMAIL", "PHONE_NUMBER", "REGISTER_TIME", "PASSWORD", 
    "PAY_PASSWORD", "BLACK", "BANK_CARD_ID"
  </sql>
  <select id="selectByExample" parameterType="com.share.golden.entity.BasUserExample" resultMap="BaseResultMap">
    select
    <if test="distinct">
      distinct
    </if>
    <include refid="Base_Column_List" />
    from BAS_USER
    <if test="_parameter != null">
      <include refid="Example_Where_Clause" />
    </if>
    <if test="orderByClause != null">
      order by ${orderByClause}
    </if>
  </select>
  <select id="selectByPrimaryKey" parameterType="java.lang.String" resultMap="BaseResultMap">
    select 
    <include refid="Base_Column_List" />
    from BAS_USER
    where "USER_ID" = #{userId,jdbcType=VARCHAR}
  </select>
  <delete id="deleteByPrimaryKey" parameterType="java.lang.String">
    delete from BAS_USER
    where "USER_ID" = #{userId,jdbcType=VARCHAR}
  </delete>
  <delete id="deleteByExample" parameterType="com.share.golden.entity.BasUserExample">
    delete from BAS_USER
    <if test="_parameter != null">
      <include refid="Example_Where_Clause" />
    </if>
  </delete>
  <insert id="insert" parameterType="com.share.golden.entity.BasUser">
    insert into BAS_USER ("USER_ID", "USER_NICK", "REAL_NAME", 
      "EMAIL", "PHONE_NUMBER", "REGISTER_TIME", 
      "PASSWORD", "PAY_PASSWORD", "BLACK", 
      "BANK_CARD_ID")
    values (#{userId,jdbcType=VARCHAR}, #{userNick,jdbcType=VARCHAR}, #{realName,jdbcType=VARCHAR}, 
      #{email,jdbcType=VARCHAR}, #{phoneNumber,jdbcType=VARCHAR}, #{registerTime,jdbcType=TIMESTAMP}, 
      #{password,jdbcType=VARCHAR}, #{payPassword,jdbcType=VARCHAR}, #{black,jdbcType=VARCHAR}, 
      #{bankCardId,jdbcType=VARCHAR})
  </insert>
  <insert id="insertSelective" parameterType="com.share.golden.entity.BasUser">
    insert into BAS_USER
    <trim prefix="(" suffix=")" suffixOverrides=",">
      <if test="userId != null">
        "USER_ID",
      </if>
      <if test="userNick != null">
        "USER_NICK",
      </if>
      <if test="realName != null">
        "REAL_NAME",
      </if>
      <if test="email != null">
        "EMAIL",
      </if>
      <if test="phoneNumber != null">
        "PHONE_NUMBER",
      </if>
      <if test="registerTime != null">
        "REGISTER_TIME",
      </if>
      <if test="password != null">
        "PASSWORD",
      </if>
      <if test="payPassword != null">
        "PAY_PASSWORD",
      </if>
      <if test="black != null">
        "BLACK",
      </if>
      <if test="bankCardId != null">
        "BANK_CARD_ID",
      </if>
    </trim>
    <trim prefix="values (" suffix=")" suffixOverrides=",">
      <if test="userId != null">
        #{userId,jdbcType=VARCHAR},
      </if>
      <if test="userNick != null">
        #{userNick,jdbcType=VARCHAR},
      </if>
      <if test="realName != null">
        #{realName,jdbcType=VARCHAR},
      </if>
      <if test="email != null">
        #{email,jdbcType=VARCHAR},
      </if>
      <if test="phoneNumber != null">
        #{phoneNumber,jdbcType=VARCHAR},
      </if>
      <if test="registerTime != null">
        #{registerTime,jdbcType=TIMESTAMP},
      </if>
      <if test="password != null">
        #{password,jdbcType=VARCHAR},
      </if>
      <if test="payPassword != null">
        #{payPassword,jdbcType=VARCHAR},
      </if>
      <if test="black != null">
        #{black,jdbcType=VARCHAR},
      </if>
      <if test="bankCardId != null">
        #{bankCardId,jdbcType=VARCHAR},
      </if>
    </trim>
  </insert>
  <select id="countByExample" parameterType="com.share.golden.entity.BasUserExample" resultType="java.lang.Long">
    select count(*) from BAS_USER
    <if test="_parameter != null">
      <include refid="Example_Where_Clause" />
    </if>
  </select>
  <update id="updateByExampleSelective" parameterType="map">
    update BAS_USER
    <set>
      <if test="record.userId != null">
        "USER_ID" = #{record.userId,jdbcType=VARCHAR},
      </if>
      <if test="record.userNick != null">
        "USER_NICK" = #{record.userNick,jdbcType=VARCHAR},
      </if>
      <if test="record.realName != null">
        "REAL_NAME" = #{record.realName,jdbcType=VARCHAR},
      </if>
      <if test="record.email != null">
        "EMAIL" = #{record.email,jdbcType=VARCHAR},
      </if>
      <if test="record.phoneNumber != null">
        "PHONE_NUMBER" = #{record.phoneNumber,jdbcType=VARCHAR},
      </if>
      <if test="record.registerTime != null">
        "REGISTER_TIME" = #{record.registerTime,jdbcType=TIMESTAMP},
      </if>
      <if test="record.password != null">
        "PASSWORD" = #{record.password,jdbcType=VARCHAR},
      </if>
      <if test="record.payPassword != null">
        "PAY_PASSWORD" = #{record.payPassword,jdbcType=VARCHAR},
      </if>
      <if test="record.black != null">
        "BLACK" = #{record.black,jdbcType=VARCHAR},
      </if>
      <if test="record.bankCardId != null">
        "BANK_CARD_ID" = #{record.bankCardId,jdbcType=VARCHAR},
      </if>
    </set>
    <if test="_parameter != null">
      <include refid="Update_By_Example_Where_Clause" />
    </if>
  </update>
  <update id="updateByExample" parameterType="map">
    update BAS_USER
    set "USER_ID" = #{record.userId,jdbcType=VARCHAR},
      "USER_NICK" = #{record.userNick,jdbcType=VARCHAR},
      "REAL_NAME" = #{record.realName,jdbcType=VARCHAR},
      "EMAIL" = #{record.email,jdbcType=VARCHAR},
      "PHONE_NUMBER" = #{record.phoneNumber,jdbcType=VARCHAR},
      "REGISTER_TIME" = #{record.registerTime,jdbcType=TIMESTAMP},
      "PASSWORD" = #{record.password,jdbcType=VARCHAR},
      "PAY_PASSWORD" = #{record.payPassword,jdbcType=VARCHAR},
      "BLACK" = #{record.black,jdbcType=VARCHAR},
      "BANK_CARD_ID" = #{record.bankCardId,jdbcType=VARCHAR}
    <if test="_parameter != null">
      <include refid="Update_By_Example_Where_Clause" />
    </if>
  </update>
  <update id="updateByPrimaryKeySelective" parameterType="com.share.golden.entity.BasUser">
    update BAS_USER
    <set>
      <if test="userNick != null">
        "USER_NICK" = #{userNick,jdbcType=VARCHAR},
      </if>
      <if test="realName != null">
        "REAL_NAME" = #{realName,jdbcType=VARCHAR},
      </if>
      <if test="email != null">
        "EMAIL" = #{email,jdbcType=VARCHAR},
      </if>
      <if test="phoneNumber != null">
        "PHONE_NUMBER" = #{phoneNumber,jdbcType=VARCHAR},
      </if>
      <if test="registerTime != null">
        "REGISTER_TIME" = #{registerTime,jdbcType=TIMESTAMP},
      </if>
      <if test="password != null">
        "PASSWORD" = #{password,jdbcType=VARCHAR},
      </if>
      <if test="payPassword != null">
        "PAY_PASSWORD" = #{payPassword,jdbcType=VARCHAR},
      </if>
      <if test="black != null">
        "BLACK" = #{black,jdbcType=VARCHAR},
      </if>
      <if test="bankCardId != null">
        "BANK_CARD_ID" = #{bankCardId,jdbcType=VARCHAR},
      </if>
    </set>
    where "USER_ID" = #{userId,jdbcType=VARCHAR}
  </update>
  <update id="updateByPrimaryKey" parameterType="com.share.golden.entity.BasUser">
    update BAS_USER
    set "USER_NICK" = #{userNick,jdbcType=VARCHAR},
      "REAL_NAME" = #{realName,jdbcType=VARCHAR},
      "EMAIL" = #{email,jdbcType=VARCHAR},
      "PHONE_NUMBER" = #{phoneNumber,jdbcType=VARCHAR},
      "REGISTER_TIME" = #{registerTime,jdbcType=TIMESTAMP},
      "PASSWORD" = #{password,jdbcType=VARCHAR},
      "PAY_PASSWORD" = #{payPassword,jdbcType=VARCHAR},
      "BLACK" = #{black,jdbcType=VARCHAR},
      "BANK_CARD_ID" = #{bankCardId,jdbcType=VARCHAR}
    where "USER_ID" = #{userId,jdbcType=VARCHAR}
  </update>
</mapper>