<?xml version="1.0" encoding="UTF-8"?>
<!DOCTYPE mapper PUBLIC "-//mybatis.org//DTD Mapper 3.0//EN" "http://mybatis.org/dtd/mybatis-3-mapper.dtd">
<mapper namespace="com.share.golden.dao.auto.SysModuleMapper">
  <resultMap id="BaseResultMap" type="com.share.golden.entity.SysModule">
    <id column="MODULE_ID" jdbcType="VARCHAR" property="moduleId" />
    <result column="CODE" jdbcType="VARCHAR" property="code" />
    <result column="NAME" jdbcType="VARCHAR" property="name" />
    <result column="ENABLED" jdbcType="DECIMAL" property="enabled" />
  </resultMap>
  <sql id="Example_Where_Clause">
    <where>
      <foreach collection="oredCriteria" item="criteria" separator="or">
        <if test="criteria.valid">
          <trim prefix="(" prefixOverrides="and" suffix=")">
            <foreach collection="criteria.criteria" item="criterion">
              <choose>
                <when test="criterion.noValue">
                  and ${criterion.condition}
                </when>
                <when test="criterion.singleValue">
                  and ${criterion.condition} #{criterion.value}
                </when>
                <when test="criterion.betweenValue">
                  and ${criterion.condition} #{criterion.value} and #{criterion.secondValue}
                </when>
                <when test="criterion.listValue">
                  and ${criterion.condition}
                  <foreach close=")" collection="criterion.value" item="listItem" open="(" separator=",">
                    #{listItem}
                  </foreach>
                </when>
              </choose>
            </foreach>
          </trim>
        </if>
      </foreach>
    </where>
  </sql>
  <sql id="Update_By_Example_Where_Clause">
    <where>
      <foreach collection="example.oredCriteria" item="criteria" separator="or">
        <if test="criteria.valid">
          <trim prefix="(" prefixOverrides="and" suffix=")">
            <foreach collection="criteria.criteria" item="criterion">
              <choose>
                <when test="criterion.noValue">
                  and ${criterion.condition}
                </when>
                <when test="criterion.singleValue">
                  and ${criterion.condition} #{criterion.value}
                </when>
                <when test="criterion.betweenValue">
                  and ${criterion.condition} #{criterion.value} and #{criterion.secondValue}
                </when>
                <when test="criterion.listValue">
                  and ${criterion.condition}
                  <foreach close=")" collection="criterion.value" item="listItem" open="(" separator=",">
                    #{listItem}
                  </foreach>
                </when>
              </choose>
            </foreach>
          </trim>
        </if>
      </foreach>
    </where>
  </sql>
  <sql id="Base_Column_List">
    "MODULE_ID", "CODE", "NAME", "ENABLED"
  </sql>
  <select id="selectByExample" parameterType="com.share.golden.entity.SysModuleExample" resultMap="BaseResultMap">
    select
    <if test="distinct">
      distinct
    </if>
    <include refid="Base_Column_List" />
    from SYS_MODULE
    <if test="_parameter != null">
      <include refid="Example_Where_Clause" />
    </if>
    <if test="orderByClause != null">
      order by ${orderByClause}
    </if>
  </select>
  <select id="selectByPrimaryKey" parameterType="java.lang.String" resultMap="BaseResultMap">
    select 
    <include refid="Base_Column_List" />
    from SYS_MODULE
    where "MODULE_ID" = #{moduleId,jdbcType=VARCHAR}
  </select>
  <delete id="deleteByPrimaryKey" parameterType="java.lang.String">
    delete from SYS_MODULE
    where "MODULE_ID" = #{moduleId,jdbcType=VARCHAR}
  </delete>
  <delete id="deleteByExample" parameterType="com.share.golden.entity.SysModuleExample">
    delete from SYS_MODULE
    <if test="_parameter != null">
      <include refid="Example_Where_Clause" />
    </if>
  </delete>
  <insert id="insert" parameterType="com.share.golden.entity.SysModule">
    insert into SYS_MODULE ("MODULE_ID", "CODE", "NAME", 
      "ENABLED")
    values (#{moduleId,jdbcType=VARCHAR}, #{code,jdbcType=VARCHAR}, #{name,jdbcType=VARCHAR}, 
      #{enabled,jdbcType=DECIMAL})
  </insert>
  <insert id="insertSelective" parameterType="com.share.golden.entity.SysModule">
    insert into SYS_MODULE
    <trim prefix="(" suffix=")" suffixOverrides=",">
      <if test="moduleId != null">
        "MODULE_ID",
      </if>
      <if test="code != null">
        "CODE",
      </if>
      <if test="name != null">
        "NAME",
      </if>
      <if test="enabled != null">
        "ENABLED",
      </if>
    </trim>
    <trim prefix="values (" suffix=")" suffixOverrides=",">
      <if test="moduleId != null">
        #{moduleId,jdbcType=VARCHAR},
      </if>
      <if test="code != null">
        #{code,jdbcType=VARCHAR},
      </if>
      <if test="name != null">
        #{name,jdbcType=VARCHAR},
      </if>
      <if test="enabled != null">
        #{enabled,jdbcType=DECIMAL},
      </if>
    </trim>
  </insert>
  <select id="countByExample" parameterType="com.share.golden.entity.SysModuleExample" resultType="java.lang.Long">
    select count(*) from SYS_MODULE
    <if test="_parameter != null">
      <include refid="Example_Where_Clause" />
    </if>
  </select>
  <update id="updateByExampleSelective" parameterType="map">
    update SYS_MODULE
    <set>
      <if test="record.moduleId != null">
        "MODULE_ID" = #{record.moduleId,jdbcType=VARCHAR},
      </if>
      <if test="record.code != null">
        "CODE" = #{record.code,jdbcType=VARCHAR},
      </if>
      <if test="record.name != null">
        "NAME" = #{record.name,jdbcType=VARCHAR},
      </if>
      <if test="record.enabled != null">
        "ENABLED" = #{record.enabled,jdbcType=DECIMAL},
      </if>
    </set>
    <if test="_parameter != null">
      <include refid="Update_By_Example_Where_Clause" />
    </if>
  </update>
  <update id="updateByExample" parameterType="map">
    update SYS_MODULE
    set "MODULE_ID" = #{record.moduleId,jdbcType=VARCHAR},
      "CODE" = #{record.code,jdbcType=VARCHAR},
      "NAME" = #{record.name,jdbcType=VARCHAR},
      "ENABLED" = #{record.enabled,jdbcType=DECIMAL}
    <if test="_parameter != null">
      <include refid="Update_By_Example_Where_Clause" />
    </if>
  </update>
  <update id="updateByPrimaryKeySelective" parameterType="com.share.golden.entity.SysModule">
    update SYS_MODULE
    <set>
      <if test="code != null">
        "CODE" = #{code,jdbcType=VARCHAR},
      </if>
      <if test="name != null">
        "NAME" = #{name,jdbcType=VARCHAR},
      </if>
      <if test="enabled != null">
        "ENABLED" = #{enabled,jdbcType=DECIMAL},
      </if>
    </set>
    where "MODULE_ID" = #{moduleId,jdbcType=VARCHAR}
  </update>
  <update id="updateByPrimaryKey" parameterType="com.share.golden.entity.SysModule">
    update SYS_MODULE
    set "CODE" = #{code,jdbcType=VARCHAR},
      "NAME" = #{name,jdbcType=VARCHAR},
      "ENABLED" = #{enabled,jdbcType=DECIMAL}
    where "MODULE_ID" = #{moduleId,jdbcType=VARCHAR}
  </update>
</mapper>