<?xml version="1.0" encoding="UTF-8"?>
<!DOCTYPE mapper PUBLIC "-//mybatis.org//DTD Mapper 3.0//EN" "http://mybatis.org/dtd/mybatis-3-mapper.dtd">
<mapper namespace="com.share.golden.dao.auto.SysPhoneDataMapper">
  <resultMap id="BaseResultMap" type="com.share.golden.entity.SysPhoneData">
    <id column="ID" jdbcType="VARCHAR" property="id" />
    <result column="TELE_NUM" jdbcType="VARCHAR" property="teleNum" />
    <result column="TRUE_NAME" jdbcType="VARCHAR" property="trueName" />
  </resultMap>
  <sql id="Example_Where_Clause">
    <where>
      <foreach collection="oredCriteria" item="criteria" separator="or">
        <if test="criteria.valid">
          <trim prefix="(" prefixOverrides="and" suffix=")">
            <foreach collection="criteria.criteria" item="criterion">
              <choose>
                <when test="criterion.noValue">
                  and ${criterion.condition}
                </when>
                <when test="criterion.singleValue">
                  and ${criterion.condition} #{criterion.value}
                </when>
                <when test="criterion.betweenValue">
                  and ${criterion.condition} #{criterion.value} and #{criterion.secondValue}
                </when>
                <when test="criterion.listValue">
                  and ${criterion.condition}
                  <foreach close=")" collection="criterion.value" item="listItem" open="(" separator=",">
                    #{listItem}
                  </foreach>
                </when>
              </choose>
            </foreach>
          </trim>
        </if>
      </foreach>
    </where>
  </sql>
  <sql id="Update_By_Example_Where_Clause">
    <where>
      <foreach collection="example.oredCriteria" item="criteria" separator="or">
        <if test="criteria.valid">
          <trim prefix="(" prefixOverrides="and" suffix=")">
            <foreach collection="criteria.criteria" item="criterion">
              <choose>
                <when test="criterion.noValue">
                  and ${criterion.condition}
                </when>
                <when test="criterion.singleValue">
                  and ${criterion.condition} #{criterion.value}
                </when>
                <when test="criterion.betweenValue">
                  and ${criterion.condition} #{criterion.value} and #{criterion.secondValue}
                </when>
                <when test="criterion.listValue">
                  and ${criterion.condition}
                  <foreach close=")" collection="criterion.value" item="listItem" open="(" separator=",">
                    #{listItem}
                  </foreach>
                </when>
              </choose>
            </foreach>
          </trim>
        </if>
      </foreach>
    </where>
  </sql>
  <sql id="Base_Column_List">
    "ID", "TELE_NUM", "TRUE_NAME"
  </sql>
  <select id="selectByExample" parameterType="com.share.golden.entity.SysPhoneDataExample" resultMap="BaseResultMap">
    select
    <if test="distinct">
      distinct
    </if>
    <include refid="Base_Column_List" />
    from SYS_PHONE_DATA
    <if test="_parameter != null">
      <include refid="Example_Where_Clause" />
    </if>
    <if test="orderByClause != null">
      order by ${orderByClause}
    </if>
  </select>
  <select id="selectByPrimaryKey" parameterType="java.lang.String" resultMap="BaseResultMap">
    select 
    <include refid="Base_Column_List" />
    from SYS_PHONE_DATA
    where "ID" = #{id,jdbcType=VARCHAR}
  </select>
  <delete id="deleteByPrimaryKey" parameterType="java.lang.String">
    delete from SYS_PHONE_DATA
    where "ID" = #{id,jdbcType=VARCHAR}
  </delete>
  <delete id="deleteByExample" parameterType="com.share.golden.entity.SysPhoneDataExample">
    delete from SYS_PHONE_DATA
    <if test="_parameter != null">
      <include refid="Example_Where_Clause" />
    </if>
  </delete>
  <insert id="insert" parameterType="com.share.golden.entity.SysPhoneData">
    insert into SYS_PHONE_DATA ("ID", "TELE_NUM", "TRUE_NAME"
      )
    values (#{id,jdbcType=VARCHAR}, #{teleNum,jdbcType=VARCHAR}, #{trueName,jdbcType=VARCHAR}
      )
  </insert>
  <insert id="insertSelective" parameterType="com.share.golden.entity.SysPhoneData">
    insert into SYS_PHONE_DATA
    <trim prefix="(" suffix=")" suffixOverrides=",">
      <if test="id != null">
        "ID",
      </if>
      <if test="teleNum != null">
        "TELE_NUM",
      </if>
      <if test="trueName != null">
        "TRUE_NAME",
      </if>
    </trim>
    <trim prefix="values (" suffix=")" suffixOverrides=",">
      <if test="id != null">
        #{id,jdbcType=VARCHAR},
      </if>
      <if test="teleNum != null">
        #{teleNum,jdbcType=VARCHAR},
      </if>
      <if test="trueName != null">
        #{trueName,jdbcType=VARCHAR},
      </if>
    </trim>
  </insert>
  <select id="countByExample" parameterType="com.share.golden.entity.SysPhoneDataExample" resultType="java.lang.Long">
    select count(*) from SYS_PHONE_DATA
    <if test="_parameter != null">
      <include refid="Example_Where_Clause" />
    </if>
  </select>
  <update id="updateByExampleSelective" parameterType="map">
    update SYS_PHONE_DATA
    <set>
      <if test="record.id != null">
        "ID" = #{record.id,jdbcType=VARCHAR},
      </if>
      <if test="record.teleNum != null">
        "TELE_NUM" = #{record.teleNum,jdbcType=VARCHAR},
      </if>
      <if test="record.trueName != null">
        "TRUE_NAME" = #{record.trueName,jdbcType=VARCHAR},
      </if>
    </set>
    <if test="_parameter != null">
      <include refid="Update_By_Example_Where_Clause" />
    </if>
  </update>
  <update id="updateByExample" parameterType="map">
    update SYS_PHONE_DATA
    set "ID" = #{record.id,jdbcType=VARCHAR},
      "TELE_NUM" = #{record.teleNum,jdbcType=VARCHAR},
      "TRUE_NAME" = #{record.trueName,jdbcType=VARCHAR}
    <if test="_parameter != null">
      <include refid="Update_By_Example_Where_Clause" />
    </if>
  </update>
  <update id="updateByPrimaryKeySelective" parameterType="com.share.golden.entity.SysPhoneData">
    update SYS_PHONE_DATA
    <set>
      <if test="teleNum != null">
        "TELE_NUM" = #{teleNum,jdbcType=VARCHAR},
      </if>
      <if test="trueName != null">
        "TRUE_NAME" = #{trueName,jdbcType=VARCHAR},
      </if>
    </set>
    where "ID" = #{id,jdbcType=VARCHAR}
  </update>
  <update id="updateByPrimaryKey" parameterType="com.share.golden.entity.SysPhoneData">
    update SYS_PHONE_DATA
    set "TELE_NUM" = #{teleNum,jdbcType=VARCHAR},
      "TRUE_NAME" = #{trueName,jdbcType=VARCHAR}
    where "ID" = #{id,jdbcType=VARCHAR}
  </update>
</mapper>