<?xml version="1.0" encoding="UTF-8"?>
<!DOCTYPE mapper PUBLIC "-//mybatis.org//DTD Mapper 3.0//EN" "http://mybatis.org/dtd/mybatis-3-mapper.dtd">
<mapper namespace="com.share.golden.dao.auto.SysRecommendMapper">
  <resultMap id="BaseResultMap" type="com.share.golden.entity.SysRecommend">
    <id column="RECOMMEND_ID" jdbcType="VARCHAR" property="recommendId" />
    <result column="BE_RECOMMENDED_ID" jdbcType="VARCHAR" property="beRecommendedId" />
    <result column="BE_RECOMMEND_NAME" jdbcType="VARCHAR" property="beRecommendName" />
    <result column="REFERRER_ID" jdbcType="VARCHAR" property="referrerId" />
    <result column="RECOMMEND_BOUNS" jdbcType="DECIMAL" property="recommendBouns" />
    <result column="RECOMMEND_TIME" jdbcType="TIMESTAMP" property="recommendTime" />
    <result column="AUDITOR_ID" jdbcType="VARCHAR" property="auditorId" />
    <result column="AUDIT_TIME" jdbcType="VARCHAR" property="auditTime" />
  </resultMap>
  <sql id="Example_Where_Clause">
    <where>
      <foreach collection="oredCriteria" item="criteria" separator="or">
        <if test="criteria.valid">
          <trim prefix="(" prefixOverrides="and" suffix=")">
            <foreach collection="criteria.criteria" item="criterion">
              <choose>
                <when test="criterion.noValue">
                  and ${criterion.condition}
                </when>
                <when test="criterion.singleValue">
                  and ${criterion.condition} #{criterion.value}
                </when>
                <when test="criterion.betweenValue">
                  and ${criterion.condition} #{criterion.value} and #{criterion.secondValue}
                </when>
                <when test="criterion.listValue">
                  and ${criterion.condition}
                  <foreach close=")" collection="criterion.value" item="listItem" open="(" separator=",">
                    #{listItem}
                  </foreach>
                </when>
              </choose>
            </foreach>
          </trim>
        </if>
      </foreach>
    </where>
  </sql>
  <sql id="Update_By_Example_Where_Clause">
    <where>
      <foreach collection="example.oredCriteria" item="criteria" separator="or">
        <if test="criteria.valid">
          <trim prefix="(" prefixOverrides="and" suffix=")">
            <foreach collection="criteria.criteria" item="criterion">
              <choose>
                <when test="criterion.noValue">
                  and ${criterion.condition}
                </when>
                <when test="criterion.singleValue">
                  and ${criterion.condition} #{criterion.value}
                </when>
                <when test="criterion.betweenValue">
                  and ${criterion.condition} #{criterion.value} and #{criterion.secondValue}
                </when>
                <when test="criterion.listValue">
                  and ${criterion.condition}
                  <foreach close=")" collection="criterion.value" item="listItem" open="(" separator=",">
                    #{listItem}
                  </foreach>
                </when>
              </choose>
            </foreach>
          </trim>
        </if>
      </foreach>
    </where>
  </sql>
  <sql id="Base_Column_List">
    "RECOMMEND_ID", "BE_RECOMMENDED_ID", "BE_RECOMMEND_NAME", "REFERRER_ID", "RECOMMEND_BOUNS", 
    "RECOMMEND_TIME", "AUDITOR_ID", "AUDIT_TIME"
  </sql>
  <select id="selectByExample" parameterType="com.share.golden.entity.SysRecommendExample" resultMap="BaseResultMap">
    select
    <if test="distinct">
      distinct
    </if>
    <include refid="Base_Column_List" />
    from SYS_RECOMMEND
    <if test="_parameter != null">
      <include refid="Example_Where_Clause" />
    </if>
    <if test="orderByClause != null">
      order by ${orderByClause}
    </if>
  </select>
  <select id="selectByPrimaryKey" parameterType="java.lang.String" resultMap="BaseResultMap">
    select 
    <include refid="Base_Column_List" />
    from SYS_RECOMMEND
    where "RECOMMEND_ID" = #{recommendId,jdbcType=VARCHAR}
  </select>
  <delete id="deleteByPrimaryKey" parameterType="java.lang.String">
    delete from SYS_RECOMMEND
    where "RECOMMEND_ID" = #{recommendId,jdbcType=VARCHAR}
  </delete>
  <delete id="deleteByExample" parameterType="com.share.golden.entity.SysRecommendExample">
    delete from SYS_RECOMMEND
    <if test="_parameter != null">
      <include refid="Example_Where_Clause" />
    </if>
  </delete>
  <insert id="insert" parameterType="com.share.golden.entity.SysRecommend">
    insert into SYS_RECOMMEND ("RECOMMEND_ID", "BE_RECOMMENDED_ID", "BE_RECOMMEND_NAME", 
      "REFERRER_ID", "RECOMMEND_BOUNS", "RECOMMEND_TIME", 
      "AUDITOR_ID", "AUDIT_TIME")
    values (#{recommendId,jdbcType=VARCHAR}, #{beRecommendedId,jdbcType=VARCHAR}, #{beRecommendName,jdbcType=VARCHAR}, 
      #{referrerId,jdbcType=VARCHAR}, #{recommendBouns,jdbcType=DECIMAL}, #{recommendTime,jdbcType=TIMESTAMP}, 
      #{auditorId,jdbcType=VARCHAR}, #{auditTime,jdbcType=VARCHAR})
  </insert>
  <insert id="insertSelective" parameterType="com.share.golden.entity.SysRecommend">
    insert into SYS_RECOMMEND
    <trim prefix="(" suffix=")" suffixOverrides=",">
      <if test="recommendId != null">
        "RECOMMEND_ID",
      </if>
      <if test="beRecommendedId != null">
        "BE_RECOMMENDED_ID",
      </if>
      <if test="beRecommendName != null">
        "BE_RECOMMEND_NAME",
      </if>
      <if test="referrerId != null">
        "REFERRER_ID",
      </if>
      <if test="recommendBouns != null">
        "RECOMMEND_BOUNS",
      </if>
      <if test="recommendTime != null">
        "RECOMMEND_TIME",
      </if>
      <if test="auditorId != null">
        "AUDITOR_ID",
      </if>
      <if test="auditTime != null">
        "AUDIT_TIME",
      </if>
    </trim>
    <trim prefix="values (" suffix=")" suffixOverrides=",">
      <if test="recommendId != null">
        #{recommendId,jdbcType=VARCHAR},
      </if>
      <if test="beRecommendedId != null">
        #{beRecommendedId,jdbcType=VARCHAR},
      </if>
      <if test="beRecommendName != null">
        #{beRecommendName,jdbcType=VARCHAR},
      </if>
      <if test="referrerId != null">
        #{referrerId,jdbcType=VARCHAR},
      </if>
      <if test="recommendBouns != null">
        #{recommendBouns,jdbcType=DECIMAL},
      </if>
      <if test="recommendTime != null">
        #{recommendTime,jdbcType=TIMESTAMP},
      </if>
      <if test="auditorId != null">
        #{auditorId,jdbcType=VARCHAR},
      </if>
      <if test="auditTime != null">
        #{auditTime,jdbcType=VARCHAR},
      </if>
    </trim>
  </insert>
  <select id="countByExample" parameterType="com.share.golden.entity.SysRecommendExample" resultType="java.lang.Long">
    select count(*) from SYS_RECOMMEND
    <if test="_parameter != null">
      <include refid="Example_Where_Clause" />
    </if>
  </select>
  <update id="updateByExampleSelective" parameterType="map">
    update SYS_RECOMMEND
    <set>
      <if test="record.recommendId != null">
        "RECOMMEND_ID" = #{record.recommendId,jdbcType=VARCHAR},
      </if>
      <if test="record.beRecommendedId != null">
        "BE_RECOMMENDED_ID" = #{record.beRecommendedId,jdbcType=VARCHAR},
      </if>
      <if test="record.beRecommendName != null">
        "BE_RECOMMEND_NAME" = #{record.beRecommendName,jdbcType=VARCHAR},
      </if>
      <if test="record.referrerId != null">
        "REFERRER_ID" = #{record.referrerId,jdbcType=VARCHAR},
      </if>
      <if test="record.recommendBouns != null">
        "RECOMMEND_BOUNS" = #{record.recommendBouns,jdbcType=DECIMAL},
      </if>
      <if test="record.recommendTime != null">
        "RECOMMEND_TIME" = #{record.recommendTime,jdbcType=TIMESTAMP},
      </if>
      <if test="record.auditorId != null">
        "AUDITOR_ID" = #{record.auditorId,jdbcType=VARCHAR},
      </if>
      <if test="record.auditTime != null">
        "AUDIT_TIME" = #{record.auditTime,jdbcType=VARCHAR},
      </if>
    </set>
    <if test="_parameter != null">
      <include refid="Update_By_Example_Where_Clause" />
    </if>
  </update>
  <update id="updateByExample" parameterType="map">
    update SYS_RECOMMEND
    set "RECOMMEND_ID" = #{record.recommendId,jdbcType=VARCHAR},
      "BE_RECOMMENDED_ID" = #{record.beRecommendedId,jdbcType=VARCHAR},
      "BE_RECOMMEND_NAME" = #{record.beRecommendName,jdbcType=VARCHAR},
      "REFERRER_ID" = #{record.referrerId,jdbcType=VARCHAR},
      "RECOMMEND_BOUNS" = #{record.recommendBouns,jdbcType=DECIMAL},
      "RECOMMEND_TIME" = #{record.recommendTime,jdbcType=TIMESTAMP},
      "AUDITOR_ID" = #{record.auditorId,jdbcType=VARCHAR},
      "AUDIT_TIME" = #{record.auditTime,jdbcType=VARCHAR}
    <if test="_parameter != null">
      <include refid="Update_By_Example_Where_Clause" />
    </if>
  </update>
  <update id="updateByPrimaryKeySelective" parameterType="com.share.golden.entity.SysRecommend">
    update SYS_RECOMMEND
    <set>
      <if test="beRecommendedId != null">
        "BE_RECOMMENDED_ID" = #{beRecommendedId,jdbcType=VARCHAR},
      </if>
      <if test="beRecommendName != null">
        "BE_RECOMMEND_NAME" = #{beRecommendName,jdbcType=VARCHAR},
      </if>
      <if test="referrerId != null">
        "REFERRER_ID" = #{referrerId,jdbcType=VARCHAR},
      </if>
      <if test="recommendBouns != null">
        "RECOMMEND_BOUNS" = #{recommendBouns,jdbcType=DECIMAL},
      </if>
      <if test="recommendTime != null">
        "RECOMMEND_TIME" = #{recommendTime,jdbcType=TIMESTAMP},
      </if>
      <if test="auditorId != null">
        "AUDITOR_ID" = #{auditorId,jdbcType=VARCHAR},
      </if>
      <if test="auditTime != null">
        "AUDIT_TIME" = #{auditTime,jdbcType=VARCHAR},
      </if>
    </set>
    where "RECOMMEND_ID" = #{recommendId,jdbcType=VARCHAR}
  </update>
  <update id="updateByPrimaryKey" parameterType="com.share.golden.entity.SysRecommend">
    update SYS_RECOMMEND
    set "BE_RECOMMENDED_ID" = #{beRecommendedId,jdbcType=VARCHAR},
      "BE_RECOMMEND_NAME" = #{beRecommendName,jdbcType=VARCHAR},
      "REFERRER_ID" = #{referrerId,jdbcType=VARCHAR},
      "RECOMMEND_BOUNS" = #{recommendBouns,jdbcType=DECIMAL},
      "RECOMMEND_TIME" = #{recommendTime,jdbcType=TIMESTAMP},
      "AUDITOR_ID" = #{auditorId,jdbcType=VARCHAR},
      "AUDIT_TIME" = #{auditTime,jdbcType=VARCHAR}
    where "RECOMMEND_ID" = #{recommendId,jdbcType=VARCHAR}
  </update>
</mapper>