<?xml version="1.0" encoding="UTF-8"?>
<!DOCTYPE mapper PUBLIC "-//mybatis.org//DTD Mapper 3.0//EN" "http://mybatis.org/dtd/mybatis-3-mapper.dtd">
<mapper namespace="com.share.golden.dao.auto.UserTelephoneMapper">
  <resultMap id="BaseResultMap" type="com.share.golden.entity.UserTelephone">
    <id column="TID" jdbcType="VARCHAR" property="tid" />
    <result column="USER_ID" jdbcType="VARCHAR" property="userId" />
    <result column="TELEPHONE_NUM" jdbcType="VARCHAR" property="telephoneNum" />
    <result column="APPROVE_DATE" jdbcType="TIMESTAMP" property="approveDate" />
    <result column="APPROVE_STATE" jdbcType="VARCHAR" property="approveState" />
    <result column="VALID" jdbcType="VARCHAR" property="valid" />
    <result column="AUDITOR" jdbcType="VARCHAR" property="auditor" />
    <result column="AUDITOR_ID" jdbcType="VARCHAR" property="auditorId" />
  </resultMap>
  <sql id="Example_Where_Clause">
    <where>
      <foreach collection="oredCriteria" item="criteria" separator="or">
        <if test="criteria.valid">
          <trim prefix="(" prefixOverrides="and" suffix=")">
            <foreach collection="criteria.criteria" item="criterion">
              <choose>
                <when test="criterion.noValue">
                  and ${criterion.condition}
                </when>
                <when test="criterion.singleValue">
                  and ${criterion.condition} #{criterion.value}
                </when>
                <when test="criterion.betweenValue">
                  and ${criterion.condition} #{criterion.value} and #{criterion.secondValue}
                </when>
                <when test="criterion.listValue">
                  and ${criterion.condition}
                  <foreach close=")" collection="criterion.value" item="listItem" open="(" separator=",">
                    #{listItem}
                  </foreach>
                </when>
              </choose>
            </foreach>
          </trim>
        </if>
      </foreach>
    </where>
  </sql>
  <sql id="Update_By_Example_Where_Clause">
    <where>
      <foreach collection="example.oredCriteria" item="criteria" separator="or">
        <if test="criteria.valid">
          <trim prefix="(" prefixOverrides="and" suffix=")">
            <foreach collection="criteria.criteria" item="criterion">
              <choose>
                <when test="criterion.noValue">
                  and ${criterion.condition}
                </when>
                <when test="criterion.singleValue">
                  and ${criterion.condition} #{criterion.value}
                </when>
                <when test="criterion.betweenValue">
                  and ${criterion.condition} #{criterion.value} and #{criterion.secondValue}
                </when>
                <when test="criterion.listValue">
                  and ${criterion.condition}
                  <foreach close=")" collection="criterion.value" item="listItem" open="(" separator=",">
                    #{listItem}
                  </foreach>
                </when>
              </choose>
            </foreach>
          </trim>
        </if>
      </foreach>
    </where>
  </sql>
  <sql id="Base_Column_List">
    "TID", "USER_ID", "TELEPHONE_NUM", "APPROVE_DATE", "APPROVE_STATE", "VALID", "AUDITOR", 
    "AUDITOR_ID"
  </sql>
  <select id="selectByExample" parameterType="com.share.golden.entity.UserTelephoneExample" resultMap="BaseResultMap">
    select
    <if test="distinct">
      distinct
    </if>
    <include refid="Base_Column_List" />
    from USER_TELEPHONE
    <if test="_parameter != null">
      <include refid="Example_Where_Clause" />
    </if>
    <if test="orderByClause != null">
      order by ${orderByClause}
    </if>
  </select>
  <select id="selectByPrimaryKey" parameterType="java.lang.String" resultMap="BaseResultMap">
    select 
    <include refid="Base_Column_List" />
    from USER_TELEPHONE
    where "TID" = #{tid,jdbcType=VARCHAR}
  </select>
  <delete id="deleteByPrimaryKey" parameterType="java.lang.String">
    delete from USER_TELEPHONE
    where "TID" = #{tid,jdbcType=VARCHAR}
  </delete>
  <delete id="deleteByExample" parameterType="com.share.golden.entity.UserTelephoneExample">
    delete from USER_TELEPHONE
    <if test="_parameter != null">
      <include refid="Example_Where_Clause" />
    </if>
  </delete>
  <insert id="insert" parameterType="com.share.golden.entity.UserTelephone">
    insert into USER_TELEPHONE ("TID", "USER_ID", "TELEPHONE_NUM", 
      "APPROVE_DATE", "APPROVE_STATE", "VALID", 
      "AUDITOR", "AUDITOR_ID")
    values (#{tid,jdbcType=VARCHAR}, #{userId,jdbcType=VARCHAR}, #{telephoneNum,jdbcType=VARCHAR}, 
      #{approveDate,jdbcType=TIMESTAMP}, #{approveState,jdbcType=VARCHAR}, #{valid,jdbcType=VARCHAR}, 
      #{auditor,jdbcType=VARCHAR}, #{auditorId,jdbcType=VARCHAR})
  </insert>
  <insert id="insertSelective" parameterType="com.share.golden.entity.UserTelephone">
    insert into USER_TELEPHONE
    <trim prefix="(" suffix=")" suffixOverrides=",">
      <if test="tid != null">
        "TID",
      </if>
      <if test="userId != null">
        "USER_ID",
      </if>
      <if test="telephoneNum != null">
        "TELEPHONE_NUM",
      </if>
      <if test="approveDate != null">
        "APPROVE_DATE",
      </if>
      <if test="approveState != null">
        "APPROVE_STATE",
      </if>
      <if test="valid != null">
        "VALID",
      </if>
      <if test="auditor != null">
        "AUDITOR",
      </if>
      <if test="auditorId != null">
        "AUDITOR_ID",
      </if>
    </trim>
    <trim prefix="values (" suffix=")" suffixOverrides=",">
      <if test="tid != null">
        #{tid,jdbcType=VARCHAR},
      </if>
      <if test="userId != null">
        #{userId,jdbcType=VARCHAR},
      </if>
      <if test="telephoneNum != null">
        #{telephoneNum,jdbcType=VARCHAR},
      </if>
      <if test="approveDate != null">
        #{approveDate,jdbcType=TIMESTAMP},
      </if>
      <if test="approveState != null">
        #{approveState,jdbcType=VARCHAR},
      </if>
      <if test="valid != null">
        #{valid,jdbcType=VARCHAR},
      </if>
      <if test="auditor != null">
        #{auditor,jdbcType=VARCHAR},
      </if>
      <if test="auditorId != null">
        #{auditorId,jdbcType=VARCHAR},
      </if>
    </trim>
  </insert>
  <select id="countByExample" parameterType="com.share.golden.entity.UserTelephoneExample" resultType="java.lang.Long">
    select count(*) from USER_TELEPHONE
    <if test="_parameter != null">
      <include refid="Example_Where_Clause" />
    </if>
  </select>
  <update id="updateByExampleSelective" parameterType="map">
    update USER_TELEPHONE
    <set>
      <if test="record.tid != null">
        "TID" = #{record.tid,jdbcType=VARCHAR},
      </if>
      <if test="record.userId != null">
        "USER_ID" = #{record.userId,jdbcType=VARCHAR},
      </if>
      <if test="record.telephoneNum != null">
        "TELEPHONE_NUM" = #{record.telephoneNum,jdbcType=VARCHAR},
      </if>
      <if test="record.approveDate != null">
        "APPROVE_DATE" = #{record.approveDate,jdbcType=TIMESTAMP},
      </if>
      <if test="record.approveState != null">
        "APPROVE_STATE" = #{record.approveState,jdbcType=VARCHAR},
      </if>
      <if test="record.valid != null">
        "VALID" = #{record.valid,jdbcType=VARCHAR},
      </if>
      <if test="record.auditor != null">
        "AUDITOR" = #{record.auditor,jdbcType=VARCHAR},
      </if>
      <if test="record.auditorId != null">
        "AUDITOR_ID" = #{record.auditorId,jdbcType=VARCHAR},
      </if>
    </set>
    <if test="_parameter != null">
      <include refid="Update_By_Example_Where_Clause" />
    </if>
  </update>
  <update id="updateByExample" parameterType="map">
    update USER_TELEPHONE
    set "TID" = #{record.tid,jdbcType=VARCHAR},
      "USER_ID" = #{record.userId,jdbcType=VARCHAR},
      "TELEPHONE_NUM" = #{record.telephoneNum,jdbcType=VARCHAR},
      "APPROVE_DATE" = #{record.approveDate,jdbcType=TIMESTAMP},
      "APPROVE_STATE" = #{record.approveState,jdbcType=VARCHAR},
      "VALID" = #{record.valid,jdbcType=VARCHAR},
      "AUDITOR" = #{record.auditor,jdbcType=VARCHAR},
      "AUDITOR_ID" = #{record.auditorId,jdbcType=VARCHAR}
    <if test="_parameter != null">
      <include refid="Update_By_Example_Where_Clause" />
    </if>
  </update>
  <update id="updateByPrimaryKeySelective" parameterType="com.share.golden.entity.UserTelephone">
    update USER_TELEPHONE
    <set>
      <if test="userId != null">
        "USER_ID" = #{userId,jdbcType=VARCHAR},
      </if>
      <if test="telephoneNum != null">
        "TELEPHONE_NUM" = #{telephoneNum,jdbcType=VARCHAR},
      </if>
      <if test="approveDate != null">
        "APPROVE_DATE" = #{approveDate,jdbcType=TIMESTAMP},
      </if>
      <if test="approveState != null">
        "APPROVE_STATE" = #{approveState,jdbcType=VARCHAR},
      </if>
      <if test="valid != null">
        "VALID" = #{valid,jdbcType=VARCHAR},
      </if>
      <if test="auditor != null">
        "AUDITOR" = #{auditor,jdbcType=VARCHAR},
      </if>
      <if test="auditorId != null">
        "AUDITOR_ID" = #{auditorId,jdbcType=VARCHAR},
      </if>
    </set>
    where "TID" = #{tid,jdbcType=VARCHAR}
  </update>
  <update id="updateByPrimaryKey" parameterType="com.share.golden.entity.UserTelephone">
    update USER_TELEPHONE
    set "USER_ID" = #{userId,jdbcType=VARCHAR},
      "TELEPHONE_NUM" = #{telephoneNum,jdbcType=VARCHAR},
      "APPROVE_DATE" = #{approveDate,jdbcType=TIMESTAMP},
      "APPROVE_STATE" = #{approveState,jdbcType=VARCHAR},
      "VALID" = #{valid,jdbcType=VARCHAR},
      "AUDITOR" = #{auditor,jdbcType=VARCHAR},
      "AUDITOR_ID" = #{auditorId,jdbcType=VARCHAR}
    where "TID" = #{tid,jdbcType=VARCHAR}
  </update>
</mapper>