<?xml version="1.0" encoding="UTF-8"?>
<!DOCTYPE mapper PUBLIC "-//mybatis.org//DTD Mapper 3.0//EN" "http://mybatis.org/dtd/mybatis-3-mapper.dtd">
<mapper namespace="com.share.golden.dao.auto.UserIntegralMapper">
  <resultMap id="BaseResultMap" type="com.share.golden.entity.UserIntegral">
    <id column="CUSER_ID" jdbcType="VARCHAR" property="cuserId" />
    <result column="USER_ID" jdbcType="VARCHAR" property="userId" />
    <result column="CREDIT_POINT" jdbcType="DECIMAL" property="creditPoint" />
    <result column="MEMBER_POINT" jdbcType="DECIMAL" property="memberPoint" />
  </resultMap>
  <sql id="Example_Where_Clause">
    <where>
      <foreach collection="oredCriteria" item="criteria" separator="or">
        <if test="criteria.valid">
          <trim prefix="(" prefixOverrides="and" suffix=")">
            <foreach collection="criteria.criteria" item="criterion">
              <choose>
                <when test="criterion.noValue">
                  and ${criterion.condition}
                </when>
                <when test="criterion.singleValue">
                  and ${criterion.condition} #{criterion.value}
                </when>
                <when test="criterion.betweenValue">
                  and ${criterion.condition} #{criterion.value} and #{criterion.secondValue}
                </when>
                <when test="criterion.listValue">
                  and ${criterion.condition}
                  <foreach close=")" collection="criterion.value" item="listItem" open="(" separator=",">
                    #{listItem}
                  </foreach>
                </when>
              </choose>
            </foreach>
          </trim>
        </if>
      </foreach>
    </where>
  </sql>
  <sql id="Update_By_Example_Where_Clause">
    <where>
      <foreach collection="example.oredCriteria" item="criteria" separator="or">
        <if test="criteria.valid">
          <trim prefix="(" prefixOverrides="and" suffix=")">
            <foreach collection="criteria.criteria" item="criterion">
              <choose>
                <when test="criterion.noValue">
                  and ${criterion.condition}
                </when>
                <when test="criterion.singleValue">
                  and ${criterion.condition} #{criterion.value}
                </when>
                <when test="criterion.betweenValue">
                  and ${criterion.condition} #{criterion.value} and #{criterion.secondValue}
                </when>
                <when test="criterion.listValue">
                  and ${criterion.condition}
                  <foreach close=")" collection="criterion.value" item="listItem" open="(" separator=",">
                    #{listItem}
                  </foreach>
                </when>
              </choose>
            </foreach>
          </trim>
        </if>
      </foreach>
    </where>
  </sql>
  <sql id="Base_Column_List">
    "CUSER_ID", "USER_ID", "CREDIT_POINT", "MEMBER_POINT"
  </sql>
  <select id="selectByExample" parameterType="com.share.golden.entity.UserIntegralExample" resultMap="BaseResultMap">
    select
    <if test="distinct">
      distinct
    </if>
    <include refid="Base_Column_List" />
    from USER_INTEGRAL
    <if test="_parameter != null">
      <include refid="Example_Where_Clause" />
    </if>
    <if test="orderByClause != null">
      order by ${orderByClause}
    </if>
  </select>
  <select id="selectByPrimaryKey" parameterType="java.lang.String" resultMap="BaseResultMap">
    select 
    <include refid="Base_Column_List" />
    from USER_INTEGRAL
    where "CUSER_ID" = #{cuserId,jdbcType=VARCHAR}
  </select>
  <delete id="deleteByPrimaryKey" parameterType="java.lang.String">
    delete from USER_INTEGRAL
    where "CUSER_ID" = #{cuserId,jdbcType=VARCHAR}
  </delete>
  <delete id="deleteByExample" parameterType="com.share.golden.entity.UserIntegralExample">
    delete from USER_INTEGRAL
    <if test="_parameter != null">
      <include refid="Example_Where_Clause" />
    </if>
  </delete>
  <insert id="insert" parameterType="com.share.golden.entity.UserIntegral">
    insert into USER_INTEGRAL ("CUSER_ID", "USER_ID", "CREDIT_POINT", 
      "MEMBER_POINT")
    values (#{cuserId,jdbcType=VARCHAR}, #{userId,jdbcType=VARCHAR}, #{creditPoint,jdbcType=DECIMAL}, 
      #{memberPoint,jdbcType=DECIMAL})
  </insert>
  <insert id="insertSelective" parameterType="com.share.golden.entity.UserIntegral">
    insert into USER_INTEGRAL
    <trim prefix="(" suffix=")" suffixOverrides=",">
      <if test="cuserId != null">
        "CUSER_ID",
      </if>
      <if test="userId != null">
        "USER_ID",
      </if>
      <if test="creditPoint != null">
        "CREDIT_POINT",
      </if>
      <if test="memberPoint != null">
        "MEMBER_POINT",
      </if>
    </trim>
    <trim prefix="values (" suffix=")" suffixOverrides=",">
      <if test="cuserId != null">
        #{cuserId,jdbcType=VARCHAR},
      </if>
      <if test="userId != null">
        #{userId,jdbcType=VARCHAR},
      </if>
      <if test="creditPoint != null">
        #{creditPoint,jdbcType=DECIMAL},
      </if>
      <if test="memberPoint != null">
        #{memberPoint,jdbcType=DECIMAL},
      </if>
    </trim>
  </insert>
  <select id="countByExample" parameterType="com.share.golden.entity.UserIntegralExample" resultType="java.lang.Long">
    select count(*) from USER_INTEGRAL
    <if test="_parameter != null">
      <include refid="Example_Where_Clause" />
    </if>
  </select>
  <update id="updateByExampleSelective" parameterType="map">
    update USER_INTEGRAL
    <set>
      <if test="record.cuserId != null">
        "CUSER_ID" = #{record.cuserId,jdbcType=VARCHAR},
      </if>
      <if test="record.userId != null">
        "USER_ID" = #{record.userId,jdbcType=VARCHAR},
      </if>
      <if test="record.creditPoint != null">
        "CREDIT_POINT" = #{record.creditPoint,jdbcType=DECIMAL},
      </if>
      <if test="record.memberPoint != null">
        "MEMBER_POINT" = #{record.memberPoint,jdbcType=DECIMAL},
      </if>
    </set>
    <if test="_parameter != null">
      <include refid="Update_By_Example_Where_Clause" />
    </if>
  </update>
  <update id="updateByExample" parameterType="map">
    update USER_INTEGRAL
    set "CUSER_ID" = #{record.cuserId,jdbcType=VARCHAR},
      "USER_ID" = #{record.userId,jdbcType=VARCHAR},
      "CREDIT_POINT" = #{record.creditPoint,jdbcType=DECIMAL},
      "MEMBER_POINT" = #{record.memberPoint,jdbcType=DECIMAL}
    <if test="_parameter != null">
      <include refid="Update_By_Example_Where_Clause" />
    </if>
  </update>
  <update id="updateByPrimaryKeySelective" parameterType="com.share.golden.entity.UserIntegral">
    update USER_INTEGRAL
    <set>
      <if test="userId != null">
        "USER_ID" = #{userId,jdbcType=VARCHAR},
      </if>
      <if test="creditPoint != null">
        "CREDIT_POINT" = #{creditPoint,jdbcType=DECIMAL},
      </if>
      <if test="memberPoint != null">
        "MEMBER_POINT" = #{memberPoint,jdbcType=DECIMAL},
      </if>
    </set>
    where "CUSER_ID" = #{cuserId,jdbcType=VARCHAR}
  </update>
  <update id="updateByPrimaryKey" parameterType="com.share.golden.entity.UserIntegral">
    update USER_INTEGRAL
    set "USER_ID" = #{userId,jdbcType=VARCHAR},
      "CREDIT_POINT" = #{creditPoint,jdbcType=DECIMAL},
      "MEMBER_POINT" = #{memberPoint,jdbcType=DECIMAL}
    where "CUSER_ID" = #{cuserId,jdbcType=VARCHAR}
  </update>
</mapper>