<?xml version="1.0" encoding="UTF-8"?>
<!DOCTYPE mapper PUBLIC "-//mybatis.org//DTD Mapper 3.0//EN" "http://mybatis.org/dtd/mybatis-3-mapper.dtd">
<mapper namespace="com.share.golden.dao.auto.UserEducationMapper">
  <resultMap id="BaseResultMap" type="com.share.golden.entity.UserEducation">
    <id column="EDUCATION_ID" jdbcType="VARCHAR" property="educationId" />
    <result column="USER_ID" jdbcType="VARCHAR" property="userId" />
    <result column="SCHOOL" jdbcType="VARCHAR" property="school" />
    <result column="MAJOR" jdbcType="VARCHAR" property="major" />
    <result column="EDUCATION" jdbcType="VARCHAR" property="education" />
    <result column="ADMISSION_DATE" jdbcType="TIMESTAMP" property="admissionDate" />
    <result column="GRADUATION_YEAR" jdbcType="TIMESTAMP" property="graduationYear" />
    <result column="CERTIFICATE" jdbcType="VARCHAR" property="certificate" />
    <result column="CERTIFICATION_DATE" jdbcType="TIMESTAMP" property="certificationDate" />
    <result column="CHECK_TYPE" jdbcType="VARCHAR" property="checkType" />
    <result column="AUDITOR" jdbcType="VARCHAR" property="auditor" />
    <result column="AUDITOR_ID" jdbcType="VARCHAR" property="auditorId" />
    <result column="VAILD" jdbcType="VARCHAR" property="vaild" />
  </resultMap>
  <sql id="Example_Where_Clause">
    <where>
      <foreach collection="oredCriteria" item="criteria" separator="or">
        <if test="criteria.valid">
          <trim prefix="(" prefixOverrides="and" suffix=")">
            <foreach collection="criteria.criteria" item="criterion">
              <choose>
                <when test="criterion.noValue">
                  and ${criterion.condition}
                </when>
                <when test="criterion.singleValue">
                  and ${criterion.condition} #{criterion.value}
                </when>
                <when test="criterion.betweenValue">
                  and ${criterion.condition} #{criterion.value} and #{criterion.secondValue}
                </when>
                <when test="criterion.listValue">
                  and ${criterion.condition}
                  <foreach close=")" collection="criterion.value" item="listItem" open="(" separator=",">
                    #{listItem}
                  </foreach>
                </when>
              </choose>
            </foreach>
          </trim>
        </if>
      </foreach>
    </where>
  </sql>
  <sql id="Update_By_Example_Where_Clause">
    <where>
      <foreach collection="example.oredCriteria" item="criteria" separator="or">
        <if test="criteria.valid">
          <trim prefix="(" prefixOverrides="and" suffix=")">
            <foreach collection="criteria.criteria" item="criterion">
              <choose>
                <when test="criterion.noValue">
                  and ${criterion.condition}
                </when>
                <when test="criterion.singleValue">
                  and ${criterion.condition} #{criterion.value}
                </when>
                <when test="criterion.betweenValue">
                  and ${criterion.condition} #{criterion.value} and #{criterion.secondValue}
                </when>
                <when test="criterion.listValue">
                  and ${criterion.condition}
                  <foreach close=")" collection="criterion.value" item="listItem" open="(" separator=",">
                    #{listItem}
                  </foreach>
                </when>
              </choose>
            </foreach>
          </trim>
        </if>
      </foreach>
    </where>
  </sql>
  <sql id="Base_Column_List">
    "EDUCATION_ID", "USER_ID", "SCHOOL", "MAJOR", "EDUCATION", "ADMISSION_DATE", "GRADUATION_YEAR", 
    "CERTIFICATE", "CERTIFICATION_DATE", "CHECK_TYPE", "AUDITOR", "AUDITOR_ID", "VAILD"
  </sql>
  <select id="selectByExample" parameterType="com.share.golden.entity.UserEducationExample" resultMap="BaseResultMap">
    select
    <if test="distinct">
      distinct
    </if>
    <include refid="Base_Column_List" />
    from USER_EDUCATION
    <if test="_parameter != null">
      <include refid="Example_Where_Clause" />
    </if>
    <if test="orderByClause != null">
      order by ${orderByClause}
    </if>
  </select>
  <select id="selectByPrimaryKey" parameterType="java.lang.String" resultMap="BaseResultMap">
    select 
    <include refid="Base_Column_List" />
    from USER_EDUCATION
    where "EDUCATION_ID" = #{educationId,jdbcType=VARCHAR}
  </select>
  <delete id="deleteByPrimaryKey" parameterType="java.lang.String">
    delete from USER_EDUCATION
    where "EDUCATION_ID" = #{educationId,jdbcType=VARCHAR}
  </delete>
  <delete id="deleteByExample" parameterType="com.share.golden.entity.UserEducationExample">
    delete from USER_EDUCATION
    <if test="_parameter != null">
      <include refid="Example_Where_Clause" />
    </if>
  </delete>
  <insert id="insert" parameterType="com.share.golden.entity.UserEducation">
    insert into USER_EDUCATION ("EDUCATION_ID", "USER_ID", "SCHOOL", 
      "MAJOR", "EDUCATION", "ADMISSION_DATE", 
      "GRADUATION_YEAR", "CERTIFICATE", "CERTIFICATION_DATE", 
      "CHECK_TYPE", "AUDITOR", "AUDITOR_ID", 
      "VAILD")
    values (#{educationId,jdbcType=VARCHAR}, #{userId,jdbcType=VARCHAR}, #{school,jdbcType=VARCHAR}, 
      #{major,jdbcType=VARCHAR}, #{education,jdbcType=VARCHAR}, #{admissionDate,jdbcType=TIMESTAMP}, 
      #{graduationYear,jdbcType=TIMESTAMP}, #{certificate,jdbcType=VARCHAR}, #{certificationDate,jdbcType=TIMESTAMP}, 
      #{checkType,jdbcType=VARCHAR}, #{auditor,jdbcType=VARCHAR}, #{auditorId,jdbcType=VARCHAR}, 
      #{vaild,jdbcType=VARCHAR})
  </insert>
  <insert id="insertSelective" parameterType="com.share.golden.entity.UserEducation">
    insert into USER_EDUCATION
    <trim prefix="(" suffix=")" suffixOverrides=",">
      <if test="educationId != null">
        "EDUCATION_ID",
      </if>
      <if test="userId != null">
        "USER_ID",
      </if>
      <if test="school != null">
        "SCHOOL",
      </if>
      <if test="major != null">
        "MAJOR",
      </if>
      <if test="education != null">
        "EDUCATION",
      </if>
      <if test="admissionDate != null">
        "ADMISSION_DATE",
      </if>
      <if test="graduationYear != null">
        "GRADUATION_YEAR",
      </if>
      <if test="certificate != null">
        "CERTIFICATE",
      </if>
      <if test="certificationDate != null">
        "CERTIFICATION_DATE",
      </if>
      <if test="checkType != null">
        "CHECK_TYPE",
      </if>
      <if test="auditor != null">
        "AUDITOR",
      </if>
      <if test="auditorId != null">
        "AUDITOR_ID",
      </if>
      <if test="vaild != null">
        "VAILD",
      </if>
    </trim>
    <trim prefix="values (" suffix=")" suffixOverrides=",">
      <if test="educationId != null">
        #{educationId,jdbcType=VARCHAR},
      </if>
      <if test="userId != null">
        #{userId,jdbcType=VARCHAR},
      </if>
      <if test="school != null">
        #{school,jdbcType=VARCHAR},
      </if>
      <if test="major != null">
        #{major,jdbcType=VARCHAR},
      </if>
      <if test="education != null">
        #{education,jdbcType=VARCHAR},
      </if>
      <if test="admissionDate != null">
        #{admissionDate,jdbcType=TIMESTAMP},
      </if>
      <if test="graduationYear != null">
        #{graduationYear,jdbcType=TIMESTAMP},
      </if>
      <if test="certificate != null">
        #{certificate,jdbcType=VARCHAR},
      </if>
      <if test="certificationDate != null">
        #{certificationDate,jdbcType=TIMESTAMP},
      </if>
      <if test="checkType != null">
        #{checkType,jdbcType=VARCHAR},
      </if>
      <if test="auditor != null">
        #{auditor,jdbcType=VARCHAR},
      </if>
      <if test="auditorId != null">
        #{auditorId,jdbcType=VARCHAR},
      </if>
      <if test="vaild != null">
        #{vaild,jdbcType=VARCHAR},
      </if>
    </trim>
  </insert>
  <select id="countByExample" parameterType="com.share.golden.entity.UserEducationExample" resultType="java.lang.Long">
    select count(*) from USER_EDUCATION
    <if test="_parameter != null">
      <include refid="Example_Where_Clause" />
    </if>
  </select>
  <update id="updateByExampleSelective" parameterType="map">
    update USER_EDUCATION
    <set>
      <if test="record.educationId != null">
        "EDUCATION_ID" = #{record.educationId,jdbcType=VARCHAR},
      </if>
      <if test="record.userId != null">
        "USER_ID" = #{record.userId,jdbcType=VARCHAR},
      </if>
      <if test="record.school != null">
        "SCHOOL" = #{record.school,jdbcType=VARCHAR},
      </if>
      <if test="record.major != null">
        "MAJOR" = #{record.major,jdbcType=VARCHAR},
      </if>
      <if test="record.education != null">
        "EDUCATION" = #{record.education,jdbcType=VARCHAR},
      </if>
      <if test="record.admissionDate != null">
        "ADMISSION_DATE" = #{record.admissionDate,jdbcType=TIMESTAMP},
      </if>
      <if test="record.graduationYear != null">
        "GRADUATION_YEAR" = #{record.graduationYear,jdbcType=TIMESTAMP},
      </if>
      <if test="record.certificate != null">
        "CERTIFICATE" = #{record.certificate,jdbcType=VARCHAR},
      </if>
      <if test="record.certificationDate != null">
        "CERTIFICATION_DATE" = #{record.certificationDate,jdbcType=TIMESTAMP},
      </if>
      <if test="record.checkType != null">
        "CHECK_TYPE" = #{record.checkType,jdbcType=VARCHAR},
      </if>
      <if test="record.auditor != null">
        "AUDITOR" = #{record.auditor,jdbcType=VARCHAR},
      </if>
      <if test="record.auditorId != null">
        "AUDITOR_ID" = #{record.auditorId,jdbcType=VARCHAR},
      </if>
      <if test="record.vaild != null">
        "VAILD" = #{record.vaild,jdbcType=VARCHAR},
      </if>
    </set>
    <if test="_parameter != null">
      <include refid="Update_By_Example_Where_Clause" />
    </if>
  </update>
  <update id="updateByExample" parameterType="map">
    update USER_EDUCATION
    set "EDUCATION_ID" = #{record.educationId,jdbcType=VARCHAR},
      "USER_ID" = #{record.userId,jdbcType=VARCHAR},
      "SCHOOL" = #{record.school,jdbcType=VARCHAR},
      "MAJOR" = #{record.major,jdbcType=VARCHAR},
      "EDUCATION" = #{record.education,jdbcType=VARCHAR},
      "ADMISSION_DATE" = #{record.admissionDate,jdbcType=TIMESTAMP},
      "GRADUATION_YEAR" = #{record.graduationYear,jdbcType=TIMESTAMP},
      "CERTIFICATE" = #{record.certificate,jdbcType=VARCHAR},
      "CERTIFICATION_DATE" = #{record.certificationDate,jdbcType=TIMESTAMP},
      "CHECK_TYPE" = #{record.checkType,jdbcType=VARCHAR},
      "AUDITOR" = #{record.auditor,jdbcType=VARCHAR},
      "AUDITOR_ID" = #{record.auditorId,jdbcType=VARCHAR},
      "VAILD" = #{record.vaild,jdbcType=VARCHAR}
    <if test="_parameter != null">
      <include refid="Update_By_Example_Where_Clause" />
    </if>
  </update>
  <update id="updateByPrimaryKeySelective" parameterType="com.share.golden.entity.UserEducation">
    update USER_EDUCATION
    <set>
      <if test="userId != null">
        "USER_ID" = #{userId,jdbcType=VARCHAR},
      </if>
      <if test="school != null">
        "SCHOOL" = #{school,jdbcType=VARCHAR},
      </if>
      <if test="major != null">
        "MAJOR" = #{major,jdbcType=VARCHAR},
      </if>
      <if test="education != null">
        "EDUCATION" = #{education,jdbcType=VARCHAR},
      </if>
      <if test="admissionDate != null">
        "ADMISSION_DATE" = #{admissionDate,jdbcType=TIMESTAMP},
      </if>
      <if test="graduationYear != null">
        "GRADUATION_YEAR" = #{graduationYear,jdbcType=TIMESTAMP},
      </if>
      <if test="certificate != null">
        "CERTIFICATE" = #{certificate,jdbcType=VARCHAR},
      </if>
      <if test="certificationDate != null">
        "CERTIFICATION_DATE" = #{certificationDate,jdbcType=TIMESTAMP},
      </if>
      <if test="checkType != null">
        "CHECK_TYPE" = #{checkType,jdbcType=VARCHAR},
      </if>
      <if test="auditor != null">
        "AUDITOR" = #{auditor,jdbcType=VARCHAR},
      </if>
      <if test="auditorId != null">
        "AUDITOR_ID" = #{auditorId,jdbcType=VARCHAR},
      </if>
      <if test="vaild != null">
        "VAILD" = #{vaild,jdbcType=VARCHAR},
      </if>
    </set>
    where "EDUCATION_ID" = #{educationId,jdbcType=VARCHAR}
  </update>
  <update id="updateByPrimaryKey" parameterType="com.share.golden.entity.UserEducation">
    update USER_EDUCATION
    set "USER_ID" = #{userId,jdbcType=VARCHAR},
      "SCHOOL" = #{school,jdbcType=VARCHAR},
      "MAJOR" = #{major,jdbcType=VARCHAR},
      "EDUCATION" = #{education,jdbcType=VARCHAR},
      "ADMISSION_DATE" = #{admissionDate,jdbcType=TIMESTAMP},
      "GRADUATION_YEAR" = #{graduationYear,jdbcType=TIMESTAMP},
      "CERTIFICATE" = #{certificate,jdbcType=VARCHAR},
      "CERTIFICATION_DATE" = #{certificationDate,jdbcType=TIMESTAMP},
      "CHECK_TYPE" = #{checkType,jdbcType=VARCHAR},
      "AUDITOR" = #{auditor,jdbcType=VARCHAR},
      "AUDITOR_ID" = #{auditorId,jdbcType=VARCHAR},
      "VAILD" = #{vaild,jdbcType=VARCHAR}
    where "EDUCATION_ID" = #{educationId,jdbcType=VARCHAR}
  </update>
</mapper>